Component: ARM Compiler 5.06 update 6 (build 750) Tool: armlink [4d35ed]

==============================================================================

Section Cross References

    startup_stm32f091xc.o(RESET) refers to startup_stm32f091xc.o(STACK) for __initial_sp
    startup_stm32f091xc.o(RESET) refers to startup_stm32f091xc.o(.text) for Reset_Handler
    startup_stm32f091xc.o(RESET) refers to stm32f0xx_it.o(i.NMI_Handler) for NMI_Handler
    startup_stm32f091xc.o(RESET) refers to stm32f0xx_it.o(i.HardFault_Handler) for HardFault_Handler
    startup_stm32f091xc.o(RESET) refers to stm32f0xx_it.o(i.SVC_Handler) for SVC_Handler
    startup_stm32f091xc.o(RESET) refers to stm32f0xx_it.o(i.PendSV_Handler) for PendSV_Handler
    startup_stm32f091xc.o(RESET) refers to stm32f0xx_it.o(i.SysTick_Handler) for SysTick_Handler
    startup_stm32f091xc.o(RESET) refers to stm32f0xx_it.o(i.EXTI0_1_IRQHandler) for EXTI0_1_IRQHandler
    startup_stm32f091xc.o(RESET) refers to stm32f0xx_it.o(i.EXTI2_3_IRQHandler) for EXTI2_3_IRQHandler
    startup_stm32f091xc.o(RESET) refers to stm32f0xx_it.o(i.EXTI4_15_IRQHandler) for EXTI4_15_IRQHandler
    startup_stm32f091xc.o(RESET) refers to stm32f0xx_it.o(i.DMA1_Ch1_IRQHandler) for DMA1_Ch1_IRQHandler
    startup_stm32f091xc.o(RESET) refers to stm32f0xx_it.o(i.TIM1_BRK_UP_TRG_COM_IRQHandler) for TIM1_BRK_UP_TRG_COM_IRQHandler
    startup_stm32f091xc.o(RESET) refers to stm32f0xx_it.o(i.TIM1_CC_IRQHandler) for TIM1_CC_IRQHandler
    startup_stm32f091xc.o(RESET) refers to stm32f0xx_it.o(i.TIM6_DAC_IRQHandler) for TIM6_DAC_IRQHandler
    startup_stm32f091xc.o(RESET) refers to stm32f0xx_it.o(i.TIM15_IRQHandler) for TIM15_IRQHandler
    startup_stm32f091xc.o(RESET) refers to stm32f0xx_it.o(i.TIM16_IRQHandler) for TIM16_IRQHandler
    startup_stm32f091xc.o(RESET) refers to stm32f0xx_it.o(i.TIM17_IRQHandler) for TIM17_IRQHandler
    startup_stm32f091xc.o(RESET) refers to stm32f0xx_it.o(i.USART1_IRQHandler) for USART1_IRQHandler
    startup_stm32f091xc.o(RESET) refers to stm32f0xx_it.o(i.USART2_IRQHandler) for USART2_IRQHandler
    startup_stm32f091xc.o(.text) refers to system_stm32f0xx.o(i.SystemInit) for SystemInit
    startup_stm32f091xc.o(.text) refers to entry.o(.ARM.Collect$$$$00000000) for __main
    mpu6050.o(i.HADC1080_Display) refers to mpu6050.o(i.HDC1080_Get_Data) for HDC1080_Get_Data
    mpu6050.o(i.HADC1080_Display) refers to protocol.o(.bss) for dataStream
    mpu6050.o(i.HDC1080_Get_Data) refers to stm32f0xx_hal_i2c.o(i.HAL_I2C_Master_Transmit) for HAL_I2C_Master_Transmit
    mpu6050.o(i.HDC1080_Get_Data) refers to stm32f0xx_hal.o(i.HAL_Delay) for HAL_Delay
    mpu6050.o(i.HDC1080_Get_Data) refers to stm32f0xx_hal_i2c.o(i.HAL_I2C_Master_Receive) for HAL_I2C_Master_Receive
    mpu6050.o(i.HDC1080_Get_Data) refers to dfltui.o(.text) for __aeabi_ui2d
    mpu6050.o(i.HDC1080_Get_Data) refers to ddiv.o(.text) for __aeabi_ddiv
    mpu6050.o(i.HDC1080_Get_Data) refers to dmul.o(.text) for __aeabi_dmul
    mpu6050.o(i.HDC1080_Get_Data) refers to dadd.o(.text) for __aeabi_dsub
    mpu6050.o(i.HDC1080_Get_Data) refers to dscalb.o(.text) for __ARM_scalbn
    mpu6050.o(i.HDC1080_Get_Data) refers to dfixui.o(.text) for __aeabi_d2uiz
    mpu6050.o(i.HDC1080_Get_Data) refers to i2c.o(.bss) for hi2c2
    mpu6050.o(i.HDC1080_Init) refers to mpu6050.o(i.WhoAmIHDC) for WhoAmIHDC
    mpu6050.o(i.HDC1080_Init) refers to printfa.o(i.__0sprintf) for __2sprintf
    mpu6050.o(i.HDC1080_Init) refers to strlen.o(.text) for strlen
    mpu6050.o(i.HDC1080_Init) refers to stm32f0xx_hal_i2c.o(i.HAL_I2C_Master_Transmit) for HAL_I2C_Master_Transmit
    mpu6050.o(i.HDC1080_Init) refers to i2c.o(.bss) for hi2c2
    mpu6050.o(i.WhoAmIHDC) refers to stm32f0xx_hal_i2c.o(i.HAL_I2C_Master_Transmit) for HAL_I2C_Master_Transmit
    mpu6050.o(i.WhoAmIHDC) refers to stm32f0xx_hal_i2c.o(i.HAL_I2C_Master_Receive) for HAL_I2C_Master_Receive
    mpu6050.o(i.WhoAmIHDC) refers to i2c.o(.bss) for hi2c2
    madgwickahrs.o(i.MadgwickAHRSupdate) refers to fmul.o(.text) for __aeabi_fmul
    madgwickahrs.o(i.MadgwickAHRSupdate) refers to fadd.o(.text) for __aeabi_fsub
    madgwickahrs.o(i.MadgwickAHRSupdate) refers to fscalb.o(.text) for __ARM_scalbnf
    madgwickahrs.o(i.MadgwickAHRSupdate) refers to madgwickahrs.o(i.MadgwickAHRSupdateIMU) for MadgwickAHRSupdateIMU
    madgwickahrs.o(i.MadgwickAHRSupdate) refers to madgwickahrs.o(i.invSqrt) for invSqrt
    madgwickahrs.o(i.MadgwickAHRSupdate) refers to f2d.o(.text) for __aeabi_f2d
    madgwickahrs.o(i.MadgwickAHRSupdate) refers to sqrt.o(i.sqrt) for sqrt
    madgwickahrs.o(i.MadgwickAHRSupdate) refers to d2f.o(.text) for __aeabi_d2f
    madgwickahrs.o(i.MadgwickAHRSupdate) refers to madgwickahrs.o(.data) for .data
    madgwickahrs.o(i.MadgwickAHRSupdateIMU) refers to fmul.o(.text) for __aeabi_fmul
    madgwickahrs.o(i.MadgwickAHRSupdateIMU) refers to fadd.o(.text) for __aeabi_fsub
    madgwickahrs.o(i.MadgwickAHRSupdateIMU) refers to fscalb.o(.text) for __ARM_scalbnf
[...]
    i.SPI1SendByte                           0x08004820   Section        0  rc522.o(i.SPI1SendByte)
    i.SPI1_ReadReg                           0x08004840   Section        0  rc522.o(i.SPI1_ReadReg)
    i.SPI1_WriteReg                          0x08004890   Section        0  rc522.o(i.SPI1_WriteReg)
    i.SPI_EndRxTxTransaction                 0x080048dc   Section        0  stm32f0xx_hal_spi.o(i.SPI_EndRxTxTransaction)
    SPI_EndRxTxTransaction                   0x080048dd   Thumb Code    76  stm32f0xx_hal_spi.o(i.SPI_EndRxTxTransaction)
    i.SPI_WaitFifoStateUntilTimeout          0x08004928   Section        0  stm32f0xx_hal_spi.o(i.SPI_WaitFifoStateUntilTimeout)
    SPI_WaitFifoStateUntilTimeout            0x08004929   Thumb Code   144  stm32f0xx_hal_spi.o(i.SPI_WaitFifoStateUntilTimeout)
    i.SPI_WaitFlagStateUntilTimeout          0x080049b8   Section        0  stm32f0xx_hal_spi.o(i.SPI_WaitFlagStateUntilTimeout)
    SPI_WaitFlagStateUntilTimeout            0x080049b9   Thumb Code   140  stm32f0xx_hal_spi.o(i.SPI_WaitFlagStateUntilTimeout)
    i.SVC_Handler                            0x08004a44   Section        0  stm32f0xx_it.o(i.SVC_Handler)
    i.StopStp                                0x08004a48   Section        0  stepper.o(i.StopStp)
    i.SysTick_Handler                        0x08004ac8   Section        0  stm32f0xx_it.o(i.SysTick_Handler)
    i.SystemClock_Config                     0x08004ad0   Section        0  main.o(i.SystemClock_Config)
    i.SystemInit                             0x08004b3c   Section        0  system_stm32f0xx.o(i.SystemInit)
    i.TIM15_IRQHandler                       0x08004b40   Section        0  stm32f0xx_it.o(i.TIM15_IRQHandler)
    i.TIM16_IRQHandler                       0x08004b50   Section        0  stm32f0xx_it.o(i.TIM16_IRQHandler)
    i.TIM17_IRQHandler                       0x08004b60   Section        0  stm32f0xx_it.o(i.TIM17_IRQHandler)
    i.TIM1_BRK_UP_TRG_COM_IRQHandler         0x08004b70   Section        0  stm32f0xx_it.o(i.TIM1_BRK_UP_TRG_COM_IRQHandler)
    i.TIM1_CC_IRQHandler                     0x08004b80   Section        0  stm32f0xx_it.o(i.TIM1_CC_IRQHandler)
    i.TIM6_DAC_IRQHandler                    0x08004b90   Section        0  stm32f0xx_it.o(i.TIM6_DAC_IRQHandler)
    i.TIM_Base_SetConfig                     0x08004ba0   Section        0  stm32f0xx_hal_tim.o(i.TIM_Base_SetConfig)
    i.TIM_CCxChannelCmd                      0x08004c34   Section        0  stm32f0xx_hal_tim.o(i.TIM_CCxChannelCmd)
    i.TIM_ETR_SetConfig                      0x08004c4e   Section        0  stm32f0xx_hal_tim.o(i.TIM_ETR_SetConfig)
    i.TIM_ITRx_SetConfig                     0x08004c64   Section        0  stm32f0xx_hal_tim.o(i.TIM_ITRx_SetConfig)
    TIM_ITRx_SetConfig                       0x08004c65   Thumb Code    16  stm32f0xx_hal_tim.o(i.TIM_ITRx_SetConfig)
    i.TIM_OC1_SetConfig                      0x08004c74   Section        0  stm32f0xx_hal_tim.o(i.TIM_OC1_SetConfig)
    TIM_OC1_SetConfig                        0x08004c75   Thumb Code   120  stm32f0xx_hal_tim.o(i.TIM_OC1_SetConfig)
    i.TIM_OC2_SetConfig                      0x08004cfc   Section        0  stm32f0xx_hal_tim.o(i.TIM_OC2_SetConfig)
    i.TIM_OC3_SetConfig                      0x08004d7c   Section        0  stm32f0xx_hal_tim.o(i.TIM_OC3_SetConfig)
    TIM_OC3_SetConfig                        0x08004d7d   Thumb Code   114  stm32f0xx_hal_tim.o(i.TIM_OC3_SetConfig)
    i.TIM_OC4_SetConfig                      0x08004e00   Section        0  stm32f0xx_hal_tim.o(i.TIM_OC4_SetConfig)
    TIM_OC4_SetConfig                        0x08004e01   Thumb Code    90  stm32f0xx_hal_tim.o(i.TIM_OC4_SetConfig)
    i.TIM_TI1_ConfigInputStage               0x08004e6c   Section        0  stm32f0xx_hal_tim.o(i.TIM_TI1_ConfigInputStage)
    TIM_TI1_ConfigInputStage                 0x08004e6d   Thumb Code    34  stm32f0xx_hal_tim.o(i.TIM_TI1_ConfigInputStage)
    i.TIM_TI2_ConfigInputStage               0x08004e8e   Section        0  stm32f0xx_hal_tim.o(i.TIM_TI2_ConfigInputStage)
    TIM_TI2_ConfigInputStage                 0x08004e8f   Thumb Code    38  stm32f0xx_hal_tim.o(i.TIM_TI2_ConfigInputStage)
    i.UART_AdvFeatureConfig                  0x08004eb4   Section        0  stm32f0xx_hal_uart.o(i.UART_AdvFeatureConfig)
    i.UART_CheckIdleState                    0x08004f80   Section        0  stm32f0xx_hal_uart.o(i.UART_CheckIdleState)
    i.UART_DMAAbortOnError                   0x08004fe0   Section        0  stm32f0xx_hal_uart.o(i.UART_DMAAbortOnError)
    UART_DMAAbortOnError                     0x08004fe1   Thumb Code    20  stm32f0xx_hal_uart.o(i.UART_DMAAbortOnError)
    i.UART_EndRxTransfer                     0x08004ff4   Section        0  stm32f0xx_hal_uart.o(i.UART_EndRxTransfer)
    UART_EndRxTransfer                       0x08004ff5   Thumb Code    32  stm32f0xx_hal_uart.o(i.UART_EndRxTransfer)
    i.UART_RxISR_16BIT                       0x08005014   Section        0  stm32f0xx_hal_uart.o(i.UART_RxISR_16BIT)
    UART_RxISR_16BIT                         0x08005015   Thumb Code    88  stm32f0xx_hal_uart.o(i.UART_RxISR_16BIT)
    i.UART_RxISR_8BIT                        0x0800506c   Section        0  stm32f0xx_hal_uart.o(i.UART_RxISR_8BIT)
    UART_RxISR_8BIT                          0x0800506d   Thumb Code    88  stm32f0xx_hal_uart.o(i.UART_RxISR_8BIT)
    i.UART_SetConfig                         0x080050c4   Section        0  stm32f0xx_hal_uart.o(i.UART_SetConfig)
    i.UART_TxISR_16BIT                       0x0800527c   Section        0  stm32f0xx_hal_uart.o(i.UART_TxISR_16BIT)
    UART_TxISR_16BIT                         0x0800527d   Thumb Code    64  stm32f0xx_hal_uart.o(i.UART_TxISR_16BIT)
    i.UART_TxISR_8BIT                        0x080052bc   Section        0  stm32f0xx_hal_uart.o(i.UART_TxISR_8BIT)
    UART_TxISR_8BIT                          0x080052bd   Thumb Code    60  stm32f0xx_hal_uart.o(i.UART_TxISR_8BIT)
    i.UART_WaitOnFlagUntilTimeout            0x080052f8   Section        0  stm32f0xx_hal_uart.o(i.UART_WaitOnFlagUntilTimeout)
    i.USART1_IRQHandler                      0x08005394   Section        0  stm32f0xx_it.o(i.USART1_IRQHandler)
    i.USART2_IRQHandler                      0x080053a4   Section        0  stm32f0xx_it.o(i.USART2_IRQHandler)
    i.WhoAmIHDC                              0x080053b4   Section        0  mpu6050.o(i.WhoAmIHDC)
    i.__0printf                              0x08005404   Section        0  printfa.o(i.__0printf)
    i.__0sprintf                             0x08005424   Section        0  printfa.o(i.__0sprintf)
    i.__ARM_clz                              0x0800544c   Section        0  depilogue.o(i.__ARM_clz)
    i.__ARM_common_ll_muluu                  0x0800547a   Section        0  stm32f0xx_hal_rcc.o(i.__ARM_common_ll_muluu)
    i.__ARM_common_switch8                   0x080054aa   Section        0  protocol.o(i.__ARM_common_switch8)
    i.__NVIC_SetPriority                     0x080054c4   Section        0  stm32f0xx_hal_cortex.o(i.__NVIC_SetPriority)
    __NVIC_SetPriority                       0x080054c5   Thumb Code    60  stm32f0xx_hal_cortex.o(i.__NVIC_SetPriority)
    i.__delay_ms                             0x08005508   Section        0  main.o(i.__delay_ms)
    i.__scatterload_copy                     0x08005528   Section       14  handlers.o(i.__scatterload_copy)
    i.__scatterload_null                     0x08005536   Section        2  handlers.o(i.__scatterload_null)
    i.__scatterload_zeroinit                 0x08005538   Section       14  handlers.o(i.__scatterload_zeroinit)
    i._fp_digits                             0x08005548   Section        0  printfa.o(i._fp_digits)
    _fp_digits                               0x08005549   Thumb Code   344  printfa.o(i._fp_digits)
    i._printf_core                           0x080056bc   Section        0  printfa.o(i._printf_core)
    _printf_core                             0x080056bd   Thumb Code  1754  printfa.o(i._printf_core)
    i._printf_post_padding                   0x08005da8   Section        0  printfa.o(i._printf_post_padding)
    _printf_post_padding                     0x08005da9   Thumb Code    32  printfa.o(i._printf_post_padding)
    i._printf_pre_padding                    0x08005dc8   Section        0  printfa.o(i._printf_pre_padding)
    _printf_pre_padding                      0x08005dc9   Thumb Code    44  printfa.o(i._printf_pre_padding)
    i._sputc                                 0x08005df4   Section        0  printfa.o(i._sputc)
    _sputc                                   0x08005df5   Thumb Code    10  printfa.o(i._sputc)
    i.active_pill_drop                       0x08005e00   Section        0  function.o(i.active_pill_drop)
    i.dataAnalysis                           0x08005ea4   Section        0  protocol.o(i.dataAnalysis)
    i.fputc                                  0x08006610   Section        0  main.o(i.fputc)
    i.invSqrt                                0x08006634   Section        0  madgwickahrs.o(i.invSqrt)
    i.main                                   0x08006668   Section        0  main.o(i.main)
    i.mpuSendData_ICM                        0x0800683c   Section        0  icm40608.o(i.mpuSendData_ICM)
    i.protocolActionCallback                 0x0800685c   Section        0  protocol.o(i.protocolActionCallback)
    i.protocolDataWrong                      0x080068b8   Section        0  protocol.o(i.protocolDataWrong)
    i.protocolInit                           0x080068f8   Section        0  protocol.o(i.protocolInit)
    i.protocolPromise                        0x08006908   Section        0  protocol.o(i.protocolPromise)
    i.protocolReset                          0x08006944   Section        0  protocol.o(i.protocolReset)
    i.readLimSwitch                          0x08006954   Section        0  function.o(i.readLimSwitch)
    i.rotateProt                             0x080069ec   Section        0  function.o(i.rotateProt)
    i.sendMachineStatus                      0x08006a14   Section        0  protocol.o(i.sendMachineStatus)
    i.setdac                                 0x08006ab0   Section        0  stepper.o(i.setdac)
    i.setdacstop                             0x08006c18   Section        0  stepper.o(i.setdacstop)
    i.startstepper                           0x08006d6c   Section        0  stepper.o(i.startstepper)
    i.stperInit                              0x08006e28   Section        0  function.o(i.stperInit)
    .constdata                               0x08007190   Section       16  system_stm32f0xx.o(.constdata)
    .constdata                               0x080071a0   Section        8  system_stm32f0xx.o(.constdata)
    serial_number                            0x0803f800   Section       18  main.o(serial_number)
    .data                                    0x20000000   Section        4  mpu6050.o(.data)
    .data                                    0x20000004   Section        4  mpu6050.o(.data)
    .data                                    0x20000008   Section        4  mpu6050.o(.data)
    .data                                    0x2000000c   Section        4  mpu6050.o(.data)
    .data                                    0x20000010   Section        4  mpu6050.o(.data)
    .data                                    0x20000014   Section        4  mpu6050.o(.data)
    .data                                    0x20000018   Section       36  madgwickahrs.o(.data)
    .data                                    0x2000003c   Section        4  stepper.o(.data)
    .data                                    0x20000040   Section       37  rc522.o(.data)
    .data                                    0x20000068   Section       16  sk6812.o(.data)
    .data                                    0x20000078   Section      149  protocol.o(.data)
    .data                                    0x20000110   Section       20  function.o(.data)
    .data                                    0x20000124   Section        1  function.o(.data)
    .data                                    0x20000128   Section       52  main.o(.data)
    .data                                    0x2000015c   Section        1  main.o(.data)
    .data                                    0x20000160   Section        4  system_stm32f0xx.o(.data)
    .data                                    0x20000164   Section       12  stm32f0xx_hal.o(.data)
    .data                                    0x20000170   Section        4  stdout.o(.data)
    .bss                                     0x20000174   Section      880  stepper.o(.bss)
    .bss                                     0x200004e4   Section      349  protocol.o(.bss)
    .bss                                     0x20000644   Section      303  main.o(.bss)
    .bss                                     0x20000774   Section      132  adc.o(.bss)
    .bss                                     0x200007f8   Section      152  i2c.o(.bss)
    .bss                                     0x20000890   Section       16  iwdg.o(.bss)
    .bss                                     0x200008a0   Section      200  spi.o(.bss)
    .bss                                     0x20000968   Section      320  tim.o(.bss)
    .bss                                     0x20000aa8   Section      512  usart.o(.bss)
    STACK                                    0x20000ca8   Section     1024  startup_stm32f091xc.o(STACK)

    Global Symbols

    Symbol Name                              Value     Ov Type        Size  Object(Section)

    BuildAttributes$$THM_ISAv3M$S$PE$A:L22$X:L11$S22$IEEE1$IW$USESV6$~STKCKD$USESV7$~SHL$OTIME$ROPI$IEEEX$EBA8$MICROLIB$REQ8$PRES8$EABIv2 0x00000000   Number         0  anon$$obj.o ABSOLUTE
    __ARM_use_no_argv                        0x00000000   Number         0  main.o ABSOLUTE
    _printf_a                                0x00000000   Number         0  stubs.o ABSOLUTE
    _printf_c                                0x00000000   Number         0  stubs.o ABSOLUTE
    _printf_charcount                        0x00000000   Number         0  stubs.o ABSOLUTE
    _printf_d                                0x00000000   Number         0  stubs.o ABSOLUTE
    _printf_e                                0x00000000   Number         0  stubs.o ABSOLUTE
    _printf_f                                0x00000000   Number         0  stubs.o ABSOLUTE
    _printf_flags                            0x00000000   Number         0  stubs.o ABSOLUTE
    _printf_fp_dec                           0x00000000   Number         0  stubs.o ABSOLUTE
    _printf_fp_hex                           0x00000000   Number         0  stubs.o ABSOLUTE
    _printf_g                                0x00000000   Number         0  stubs.o ABSOLUTE
    _printf_i                                0x00000000   Number         0  stubs.o ABSOLUTE
    _printf_int_dec                          0x00000000   Number         0  stubs.o ABSOLUTE
    _printf_l                                0x00000000   Number         0  stubs.o ABSOLUTE
    _printf_lc                               0x00000000   Number         0  stubs.o ABSOLUTE
    _printf_ll                               0x00000000   Number         0  stubs.o ABSOLUTE
    _printf_lld                              0x00000000   Number         0  stubs.o ABSOLUTE
    _printf_lli                              0x00000000   Number         0  stubs.o ABSOLUTE
    _printf_llo                              0x00000000   Number         0  stubs.o ABSOLUTE
    _printf_llu                              0x00000000   Number         0  stubs.o ABSOLUTE
    _printf_llx                              0x00000000   Number         0  stubs.o ABSOLUTE
    _printf_longlong_dec                     0x00000000   Number         0  stubs.o ABSOLUTE
    _printf_longlong_hex                     0x00000000   Number         0  stubs.o ABSOLUTE
    _printf_longlong_oct                     0x00000000   Number         0  stubs.o ABSOLUTE
    _printf_ls                               0x00000000   Number         0  stubs.o ABSOLUTE
    _printf_mbtowc                           0x00000000   Number         0  stubs.o ABSOLUTE
    _printf_n                                0x00000000   Number         0  stubs.o ABSOLUTE
    _printf_o                                0x00000000   Number         0  stubs.o ABSOLUTE
    _printf_p                                0x00000000   Number         0  stubs.o ABSOLUTE
    _printf_percent                          0x00000000   Number         0  stubs.o ABSOLUTE
    _printf_pre_padding                      0x00000000   Number         0  stubs.o ABSOLUTE
    _printf_return_value                     0x00000000   Number         0  stubs.o ABSOLUTE
    _printf_s                                0x00000000   Number         0  stubs.o ABSOLUTE
    _printf_sizespec                         0x00000000   Number         0  stubs.o ABSOLUTE
    _printf_str                              0x00000000   Number         0  stubs.o ABSOLUTE
    _printf_truncate_signed                  0x00000000   Number         0  stubs.o ABSOLUTE
    _printf_truncate_unsigned                0x00000000   Number         0  stubs.o ABSOLUTE
    _printf_u                                0x00000000   Number         0  stubs.o ABSOLUTE
    _printf_wc                               0x00000000   Number         0  stubs.o ABSOLUTE
    _printf_wctomb                           0x00000000   Number         0  stubs.o ABSOLUTE
    _printf_widthprec                        0x00000000   Number         0  stubs.o ABSOLUTE
    _printf_x                                0x00000000   Number         0  stubs.o ABSOLUTE
    __cpp_initialize__aeabi_                  - Undefined Weak Reference
    __cxa_finalize                            - Undefined Weak Reference
    _clock_init                               - Undefined Weak Reference
    _microlib_exit                            - Undefined Weak Reference
    __Vectors_Size                           0x000000bc   Number         0  startup_stm32f091xc.o ABSOLUTE
    __Vectors                                0x08000000   Data           4  startup_stm32f091xc.o(RESET)
    __Vectors_End                            0x080000bc   Data           0  startup_stm32f091xc.o(RESET)
    __main                                   0x080000bd   Thumb Code     0  entry.o(.ARM.Collect$$$$00000000)
    _main_stk                                0x080000bd   Thumb Code     0  entry2.o(.ARM.Collect$$$$00000001)
    _main_scatterload                        0x080000c1   Thumb Code     0  entry5.o(.ARM.Collect$$$$00000004)
    __main_after_scatterload                 0x080000c5   Thumb Code     0  entry5.o(.ARM.Collect$$$$00000004)
    _main_clock                              0x080000c5   Thumb Code     0  entry7b.o(.ARM.Collect$$$$00000008)
    _main_cpp_init                           0x080000c5   Thumb Code     0  entry8b.o(.ARM.Collect$$$$0000000A)
    _main_init                               0x080000c5   Thumb Code     0  entry9a.o(.ARM.Collect$$$$0000000B)
    __rt_final_cpp                           0x080000cd   Thumb Code     0  entry10a.o(.ARM.Collect$$$$0000000D)
    __rt_final_exit                          0x080000cd   Thumb Code     0  entry11a.o(.ARM.Collect$$$$0000000F)
    Reset_Handler                            0x080000d1   Thumb Code     8  startup_stm32f091xc.o(.text)
    ADC1_COMP_IRQHandler                     0x080000e3   Thumb Code     0  startup_stm32f091xc.o(.text)
    CEC_CAN_IRQHandler                       0x080000e3   Thumb Code     0  startup_stm32f091xc.o(.text)
    DMA1_Ch2_3_DMA2_Ch1_2_IRQHandler         0x080000e3   Thumb Code     0  startup_stm32f091xc.o(.text)
    DMA1_Ch4_7_DMA2_Ch3_5_IRQHandler         0x080000e3   Thumb Code     0  startup_stm32f091xc.o(.text)
    FLASH_IRQHandler                         0x080000e3   Thumb Code     0  startup_stm32f091xc.o(.text)
    I2C1_IRQHandler                          0x080000e3   Thumb Code     0  startup_stm32f091xc.o(.text)
    I2C2_IRQHandler                          0x080000e3   Thumb Code     0  startup_stm32f091xc.o(.text)
    PVD_VDDIO2_IRQHandler                    0x080000e3   Thumb Code     0  startup_stm32f091xc.o(.text)
    RCC_CRS_IRQHandler                       0x080000e3   Thumb Code     0  startup_stm32f091xc.o(.text)
    RTC_IRQHandler                           0x080000e3   Thumb Code     0  startup_stm32f091xc.o(.text)
    SPI1_IRQHandler                          0x080000e3   Thumb Code     0  startup_stm32f091xc.o(.text)
    SPI2_IRQHandler                          0x080000e3   Thumb Code     0  startup_stm32f091xc.o(.text)
    TIM14_IRQHandler                         0x080000e3   Thumb Code     0  startup_stm32f091xc.o(.text)
    TIM2_IRQHandler                          0x080000e3   Thumb Code     0  startup_stm32f091xc.o(.text)
    TIM3_IRQHandler                          0x080000e3   Thumb Code     0  startup_stm32f091xc.o(.text)
    TIM7_IRQHandler                          0x080000e3   Thumb Code     0  startup_stm32f091xc.o(.text)
    TSC_IRQHandler                           0x080000e3   Thumb Code     0  startup_stm32f091xc.o(.text)
    USART3_8_IRQHandler                      0x080000e3   Thumb Code     0  startup_stm32f091xc.o(.text)
    WWDG_IRQHandler                          0x080000e3   Thumb Code     0  startup_stm32f091xc.o(.text)
    __aeabi_uidiv                            0x080000ed   Thumb Code     0  uidiv.o(.text)
    __aeabi_uidivmod                         0x080000ed   Thumb Code    44  uidiv.o(.text)
    __aeabi_idiv                             0x08000119   Thumb Code     0  idiv.o(.text)
    __aeabi_idivmod                          0x08000119   Thumb Code    40  idiv.o(.text)
    __aeabi_uldivmod                         0x08000141   Thumb Code    96  uldiv.o(.text)
    __aeabi_llsr                             0x080001a1   Thumb Code    34  llushr.o(.text)
    _ll_ushift_r                             0x080001a1   Thumb Code     0  llushr.o(.text)
    __aeabi_memset                           0x080001c3   Thumb Code    14  memseta.o(.text)
    __aeabi_memset4                          0x080001c3   Thumb Code     0  memseta.o(.text)
    __aeabi_memset8                          0x080001c3   Thumb Code     0  memseta.o(.text)
    __aeabi_memclr                           0x080001d1   Thumb Code     4  memseta.o(.text)
    __aeabi_memclr4                          0x080001d1   Thumb Code     0  memseta.o(.text)
    __aeabi_memclr8                          0x080001d1   Thumb Code     0  memseta.o(.text)
    _memset$wrapper                          0x080001d5   Thumb Code    18  memseta.o(.text)
    strlen                                   0x080001e7   Thumb Code    14  strlen.o(.text)
    __aeabi_fadd                             0x080001f5   Thumb Code   162  fadd.o(.text)
    __aeabi_fsub                             0x08000297   Thumb Code     8  fadd.o(.text)
    __aeabi_frsub                            0x0800029f   Thumb Code     8  fadd.o(.text)
    __aeabi_fmul                             0x080002a7   Thumb Code   122  fmul.o(.text)
    __ARM_scalbnf                            0x08000321   Thumb Code    24  fscalb.o(.text)
    scalbnf                                  0x08000321   Thumb Code     0  fscalb.o(.text)
    __aeabi_dadd                             0x08000339   Thumb Code   328  dadd.o(.text)
    __aeabi_dsub                             0x08000481   Thumb Code    12  dadd.o(.text)
    __aeabi_drsub                            0x0800048d   Thumb Code    12  dadd.o(.text)
    __aeabi_dmul                             0x0800049d   Thumb Code   202  dmul.o(.text)
    __aeabi_ddiv                             0x0800056d   Thumb Code   234  ddiv.o(.text)
    __aeabi_f2uiz                            0x0800065d   Thumb Code    40  ffixui.o(.text)
    __aeabi_llsl                             0x08000685   Thumb Code    32  llshl.o(.text)
    _ll_shift_l                              0x08000685   Thumb Code     0  llshl.o(.text)
    __aeabi_lasr                             0x080006a5   Thumb Code    38  llsshr.o(.text)
    _ll_sshift_r                             0x080006a5   Thumb Code     0  llsshr.o(.text)
    __I$use$fp                               0x080006cb   Thumb Code     0  iusefp.o(.text)
    _float_round                             0x080006cb   Thumb Code    16  fepilogue.o(.text)
    _float_epilogue                          0x080006db   Thumb Code   114  fepilogue.o(.text)
    _double_round                            0x0800074d   Thumb Code    26  depilogue.o(.text)
    _double_epilogue                         0x08000767   Thumb Code   164  depilogue.o(.text)
    __aeabi_d2ulz                            0x0800080d   Thumb Code    54  dfixul.o(.text)
    __aeabi_cdrcmple                         0x0800084d   Thumb Code    38  cdrcmple.o(.text)
    __scatterload                            0x08000875   Thumb Code    28  init.o(.text)
    __scatterload_rt2                        0x08000875   Thumb Code     0  init.o(.text)
    __decompress                             0x08000899   Thumb Code     0  __dczerorl2.o(.text)
    __decompress1                            0x08000899   Thumb Code    86  __dczerorl2.o(.text)
    CalcCRC16                                0x08000a05   Thumb Code    60  protocol.o(i.CalcCRC16)
    Check_STPX_DropP                         0x08000a45   Thumb Code   120  function.o(i.Check_STPX_DropP)
    DMA1_Ch1_IRQHandler                      0x08000afd   Thumb Code    10  stm32f0xx_it.o(i.DMA1_Ch1_IRQHandler)
    EXTI0_1_IRQHandler                       0x08000b79   Thumb Code    10  stm32f0xx_it.o(i.EXTI0_1_IRQHandler)
    EXTI2_3_IRQHandler                       0x08000b83   Thumb Code    10  stm32f0xx_it.o(i.EXTI2_3_IRQHandler)
    EXTI4_15_IRQHandler                      0x08000b8d   Thumb Code    32  stm32f0xx_it.o(i.EXTI4_15_IRQHandler)
    Error_Handler                            0x08000bad   Thumb Code     2  main.o(i.Error_Handler)
    HAL_ADC_ConfigChannel                    0x08000bb1   Thumb Code   284  stm32f0xx_hal_adc.o(i.HAL_ADC_ConfigChannel)
    HAL_ADC_ConvCpltCallback                 0x08000cdd   Thumb Code    44  main.o(i.HAL_ADC_ConvCpltCallback)
    HAL_ADC_ConvHalfCpltCallback             0x08000d11   Thumb Code     2  stm32f0xx_hal_adc.o(i.HAL_ADC_ConvHalfCpltCallback)
    HAL_ADC_ErrorCallback                    0x08000d13   Thumb Code     2  stm32f0xx_hal_adc.o(i.HAL_ADC_ErrorCallback)
    HAL_ADC_Init                             0x08000d15   Thumb Code   366  stm32f0xx_hal_adc.o(i.HAL_ADC_Init)
    HAL_ADC_MspInit                          0x08000e8d   Thumb Code   196  adc.o(i.HAL_ADC_MspInit)
    HAL_ADC_Start_DMA                        0x08000f69   Thumb Code   144  stm32f0xx_hal_adc.o(i.HAL_ADC_Start_DMA)
    HAL_DMA_Abort_IT                         0x08001009   Thumb Code    72  stm32f0xx_hal_dma.o(i.HAL_DMA_Abort_IT)
    HAL_DMA_IRQHandler                       0x08001051   Thumb Code   156  stm32f0xx_hal_dma.o(i.HAL_DMA_IRQHandler)
    HAL_DMA_Init                             0x080010ed   Thumb Code    78  stm32f0xx_hal_dma.o(i.HAL_DMA_Init)
    HAL_DMA_Start_IT                         0x08001141   Thumb Code   106  stm32f0xx_hal_dma.o(i.HAL_DMA_Start_IT)
    HAL_Delay                                0x080011ad   Thumb Code    32  stm32f0xx_hal.o(i.HAL_Delay)
    HAL_GPIO_EXTI_Callback                   0x080011d1   Thumb Code   260  main.o(i.HAL_GPIO_EXTI_Callback)
    HAL_GPIO_EXTI_IRQHandler                 0x08001321   Thumb Code    18  stm32f0xx_hal_gpio.o(i.HAL_GPIO_EXTI_IRQHandler)
    HAL_GPIO_Init                            0x08001339   Thumb Code   354  stm32f0xx_hal_gpio.o(i.HAL_GPIO_Init)
    HAL_GPIO_ReadPin                         0x080014b9   Thumb Code    10  stm32f0xx_hal_gpio.o(i.HAL_GPIO_ReadPin)
    HAL_GPIO_WritePin                        0x080014c3   Thumb Code    12  stm32f0xx_hal_gpio.o(i.HAL_GPIO_WritePin)
    HAL_GetTick                              0x080014d1   Thumb Code     6  stm32f0xx_hal.o(i.HAL_GetTick)
    HAL_I2CEx_ConfigAnalogFilter             0x080014dd   Thumb Code    74  stm32f0xx_hal_i2c_ex.o(i.HAL_I2CEx_ConfigAnalogFilter)
    HAL_I2CEx_ConfigDigitalFilter            0x08001527   Thumb Code    72  stm32f0xx_hal_i2c_ex.o(i.HAL_I2CEx_ConfigDigitalFilter)
    HAL_I2C_Init                             0x08001571   Thumb Code   176  stm32f0xx_hal_i2c.o(i.HAL_I2C_Init)
    HAL_I2C_Master_Receive                   0x08001625   Thumb Code   262  stm32f0xx_hal_i2c.o(i.HAL_I2C_Master_Receive)
    HAL_I2C_Master_Transmit                  0x08001735   Thumb Code   262  stm32f0xx_hal_i2c.o(i.HAL_I2C_Master_Transmit)
    HAL_I2C_MspInit                          0x08001845   Thumb Code   132  i2c.o(i.HAL_I2C_MspInit)
    HAL_IWDG_Init                            0x080018d9   Thumb Code    86  stm32f0xx_hal_iwdg.o(i.HAL_IWDG_Init)
    HAL_IWDG_Refresh                         0x0800193d   Thumb Code    10  stm32f0xx_hal_iwdg.o(i.HAL_IWDG_Refresh)
    HAL_IncTick                              0x0800194d   Thumb Code    12  stm32f0xx_hal.o(i.HAL_IncTick)
    HAL_Init                                 0x0800195d   Thumb Code    26  stm32f0xx_hal.o(i.HAL_Init)
    HAL_InitTick                             0x0800197d   Thumb Code    58  stm32f0xx_hal.o(i.HAL_InitTick)
    HAL_MspInit                              0x080019c1   Thumb Code    34  stm32f0xx_hal_msp.o(i.HAL_MspInit)
    HAL_NVIC_DisableIRQ                      0x080019e9   Thumb Code    26  stm32f0xx_hal_cortex.o(i.HAL_NVIC_DisableIRQ)
    HAL_NVIC_EnableIRQ                       0x08001a09   Thumb Code    18  stm32f0xx_hal_cortex.o(i.HAL_NVIC_EnableIRQ)
    HAL_NVIC_SetPriority                     0x08001a21   Thumb Code     8  stm32f0xx_hal_cortex.o(i.HAL_NVIC_SetPriority)
    HAL_RCCEx_PeriphCLKConfig                0x08001a29   Thumb Code   276  stm32f0xx_hal_rcc_ex.o(i.HAL_RCCEx_PeriphCLKConfig)
    HAL_RCC_CSSCallback                      0x08001b49   Thumb Code     2  stm32f0xx_hal_rcc.o(i.HAL_RCC_CSSCallback)
    HAL_RCC_ClockConfig                      0x08001b4d   Thumb Code   254  stm32f0xx_hal_rcc.o(i.HAL_RCC_ClockConfig)
    HAL_RCC_EnableCSS                        0x08001c61   Thumb Code    14  stm32f0xx_hal_rcc.o(i.HAL_RCC_EnableCSS)
    HAL_RCC_GetPCLK1Freq                     0x08001c75   Thumb Code    20  stm32f0xx_hal_rcc.o(i.HAL_RCC_GetPCLK1Freq)
    HAL_RCC_GetSysClockFreq                  0x08001c95   Thumb Code   102  stm32f0xx_hal_rcc.o(i.HAL_RCC_GetSysClockFreq)
    HAL_RCC_NMI_IRQHandler                   0x08001d29   Thumb Code    20  stm32f0xx_hal_rcc.o(i.HAL_RCC_NMI_IRQHandler)
    HAL_RCC_OscConfig                        0x08001d41   Thumb Code  1028  stm32f0xx_hal_rcc.o(i.HAL_RCC_OscConfig)
    HAL_SPI_Init                             0x08002145   Thumb Code   184  stm32f0xx_hal_spi.o(i.HAL_SPI_Init)
    HAL_SPI_MspInit                          0x080021fd   Thumb Code   136  spi.o(i.HAL_SPI_MspInit)
    HAL_SPI_Transmit                         0x08002299   Thumb Code   384  stm32f0xx_hal_spi.o(i.HAL_SPI_Transmit)
    HAL_SPI_TransmitReceive                  0x08002419   Thumb Code   600  stm32f0xx_hal_spi.o(i.HAL_SPI_TransmitReceive)
    HAL_SYSTICK_Config                       0x08002671   Thumb Code    38  stm32f0xx_hal_cortex.o(i.HAL_SYSTICK_Config)
    HAL_TIMEx_BreakCallback                  0x080026a1   Thumb Code     2  stm32f0xx_hal_tim_ex.o(i.HAL_TIMEx_BreakCallback)
    HAL_TIMEx_CommutCallback                 0x080026a3   Thumb Code     2  stm32f0xx_hal_tim_ex.o(i.HAL_TIMEx_CommutCallback)
    HAL_TIMEx_ConfigBreakDeadTime            0x080026a5   Thumb Code    94  stm32f0xx_hal_tim_ex.o(i.HAL_TIMEx_ConfigBreakDeadTime)
    HAL_TIMEx_MasterConfigSynchronization    0x08002705   Thumb Code    84  stm32f0xx_hal_tim_ex.o(i.HAL_TIMEx_MasterConfigSynchronization)
    HAL_TIM_Base_Init                        0x08002765   Thumb Code    52  stm32f0xx_hal_tim.o(i.HAL_TIM_Base_Init)
    HAL_TIM_Base_MspInit                     0x08002799   Thumb Code   202  tim.o(i.HAL_TIM_Base_MspInit)
    HAL_TIM_Base_Start_IT                    0x0800287d   Thumb Code    32  stm32f0xx_hal_tim.o(i.HAL_TIM_Base_Start_IT)
    HAL_TIM_ConfigClockSource                0x0800289d   Thumb Code   208  stm32f0xx_hal_tim.o(i.HAL_TIM_ConfigClockSource)
    HAL_TIM_IC_CaptureCallback               0x0800296d   Thumb Code     2  stm32f0xx_hal_tim.o(i.HAL_TIM_IC_CaptureCallback)
    HAL_TIM_IRQHandler                       0x0800296f   Thumb Code   354  stm32f0xx_hal_tim.o(i.HAL_TIM_IRQHandler)
    HAL_TIM_MspPostInit                      0x08002ad1   Thumb Code   168  tim.o(i.HAL_TIM_MspPostInit)
    HAL_TIM_OC_DelayElapsedCallback          0x08002b95   Thumb Code     2  stm32f0xx_hal_tim.o(i.HAL_TIM_OC_DelayElapsedCallback)
    HAL_TIM_PWM_ConfigChannel                0x08002b97   Thumb Code   208  stm32f0xx_hal_tim.o(i.HAL_TIM_PWM_ConfigChannel)
    HAL_TIM_PWM_Init                         0x08002c67   Thumb Code    52  stm32f0xx_hal_tim.o(i.HAL_TIM_PWM_Init)
    HAL_TIM_PWM_MspInit                      0x08002c9b   Thumb Code     2  stm32f0xx_hal_tim.o(i.HAL_TIM_PWM_MspInit)
    HAL_TIM_PWM_PulseFinishedCallback        0x08002c9d   Thumb Code   326  sk6812.o(i.HAL_TIM_PWM_PulseFinishedCallback)
    HAL_TIM_PWM_Start                        0x08002e05   Thumb Code    72  stm32f0xx_hal_tim.o(i.HAL_TIM_PWM_Start)
    HAL_TIM_PWM_Start_IT                     0x08002e5d   Thumb Code   118  stm32f0xx_hal_tim.o(i.HAL_TIM_PWM_Start_IT)
    HAL_TIM_PWM_Stop                         0x08002ee5   Thumb Code    96  stm32f0xx_hal_tim.o(i.HAL_TIM_PWM_Stop)
    HAL_TIM_PWM_Stop_IT                      0x08002f59   Thumb Code   136  stm32f0xx_hal_tim.o(i.HAL_TIM_PWM_Stop_IT)
    HAL_TIM_PeriodElapsedCallback            0x08002ff5   Thumb Code    62  main.o(i.HAL_TIM_PeriodElapsedCallback)
    HAL_TIM_TriggerCallback                  0x0800305d   Thumb Code     2  stm32f0xx_hal_tim.o(i.HAL_TIM_TriggerCallback)
    HAL_UARTEx_WakeupCallback                0x0800305f   Thumb Code     2  stm32f0xx_hal_uart_ex.o(i.HAL_UARTEx_WakeupCallback)
    HAL_UART_ErrorCallback                   0x08003061   Thumb Code     2  stm32f0xx_hal_uart.o(i.HAL_UART_ErrorCallback)
    HAL_UART_IRQHandler                      0x08003065   Thumb Code   342  stm32f0xx_hal_uart.o(i.HAL_UART_IRQHandler)
    HAL_UART_Init                            0x080031c5   Thumb Code   106  stm32f0xx_hal_uart.o(i.HAL_UART_Init)
    HAL_UART_MspInit                         0x08003231   Thumb Code   278  usart.o(i.HAL_UART_MspInit)
    HAL_UART_Receive                         0x08003369   Thumb Code   256  stm32f0xx_hal_uart.o(i.HAL_UART_Receive)
    HAL_UART_Receive_IT                      0x0800346d   Thumb Code   182  stm32f0xx_hal_uart.o(i.HAL_UART_Receive_IT)
    HAL_UART_RxCpltCallback                  0x08003531   Thumb Code    38  protocol.o(i.HAL_UART_RxCpltCallback)
    HAL_UART_Transmit                        0x08003575   Thumb Code   206  stm32f0xx_hal_uart.o(i.HAL_UART_Transmit)
    HAL_UART_Transmit_IT                     0x08003645   Thumb Code   110  stm32f0xx_hal_uart.o(i.HAL_UART_Transmit_IT)
    HAL_UART_TxCpltCallback                  0x080036bd   Thumb Code     2  protocol.o(i.HAL_UART_TxCpltCallback)
    HDC1080_Init                             0x080036c1   Thumb Code    60  mpu6050.o(i.HDC1080_Init)
    HardFault_Handler                        0x08003709   Thumb Code     2  stm32f0xx_it.o(i.HardFault_Handler)
    ICM40608_init                            0x08003931   Thumb Code    50  icm40608.o(i.ICM40608_init)
    MFRC522_AntennaOn                        0x08003963   Thumb Code    22  rc522.o(i.MFRC522_AntennaOn)
    MFRC522_Init                             0x08003979   Thumb Code    68  rc522.o(i.MFRC522_Init)
    MFRC522_ReadRegister                     0x080039bd   Thumb Code    14  rc522.o(i.MFRC522_ReadRegister)
    MFRC522_Reset                            0x080039cb   Thumb Code    12  rc522.o(i.MFRC522_Reset)
    MFRC522_SetBitMask                       0x080039d7   Thumb Code    22  rc522.o(i.MFRC522_SetBitMask)
    MFRC522_WriteRegister                    0x080039ed   Thumb Code    12  rc522.o(i.MFRC522_WriteRegister)
    MX_ADC_Init                              0x080039f9   Thumb Code   178  adc.o(i.MX_ADC_Init)
    MX_DMA_Init                              0x08003ab5   Thumb Code    36  dma.o(i.MX_DMA_Init)
    MX_GPIO_Init                             0x08003add   Thumb Code   704  gpio.o(i.MX_GPIO_Init)
    MX_I2C1_Init                             0x08003dd5   Thumb Code    76  i2c.o(i.MX_I2C1_Init)
    MX_I2C2_Init                             0x08003e2d   Thumb Code    76  i2c.o(i.MX_I2C2_Init)
    MX_IWDG_Init                             0x08003e85   Thumb Code    34  iwdg.o(i.MX_IWDG_Init)
    MX_SPI1_Init                             0x08003eb1   Thumb Code    68  spi.o(i.MX_SPI1_Init)
    MX_SPI2_Init                             0x08003efd   Thumb Code    72  spi.o(i.MX_SPI2_Init)
    MX_TIM15_Init                            0x08003f4d   Thumb Code   204  tim.o(i.MX_TIM15_Init)
    MX_TIM16_Init                            0x08004025   Thumb Code   150  tim.o(i.MX_TIM16_Init)
    MX_TIM17_Init                            0x080040c9   Thumb Code   150  tim.o(i.MX_TIM17_Init)
    MX_TIM1_Init                             0x0800416d   Thumb Code   204  tim.o(i.MX_TIM1_Init)
    MX_TIM6_Init                             0x08004245   Thumb Code    62  tim.o(i.MX_TIM6_Init)
    MX_USART1_UART_Init                      0x08004291   Thumb Code    48  usart.o(i.MX_USART1_UART_Init)
    MX_USART2_UART_Init                      0x080042c9   Thumb Code    48  usart.o(i.MX_USART2_UART_Init)
    MX_USART4_UART_Init                      0x08004301   Thumb Code    48  usart.o(i.MX_USART4_UART_Init)
    MX_USART6_UART_Init                      0x08004339   Thumb Code    48  usart.o(i.MX_USART6_UART_Init)
    MadgwickAHRSupdateIMU                    0x08004371   Thumb Code  1190  madgwickahrs.o(i.MadgwickAHRSupdateIMU)
    NMI_Handler                              0x08004817   Thumb Code     8  stm32f0xx_it.o(i.NMI_Handler)
    PendSV_Handler                           0x0800481f   Thumb Code     2  stm32f0xx_it.o(i.PendSV_Handler)
    SPI1SendByte                             0x08004821   Thumb Code    28  rc522.o(i.SPI1SendByte)
    SPI1_ReadReg                             0x08004841   Thumb Code    72  rc522.o(i.SPI1_ReadReg)
    SPI1_WriteReg                            0x08004891   Thumb Code    68  rc522.o(i.SPI1_WriteReg)
    SVC_Handler                              0x08004a45   Thumb Code     2  stm32f0xx_it.o(i.SVC_Handler)
    StopStp                                  0x08004a49   Thumb Code   104  stepper.o(i.StopStp)
    SysTick_Handler                          0x08004ac9   Thumb Code     8  stm32f0xx_it.o(i.SysTick_Handler)
    SystemClock_Config                       0x08004ad1   Thumb Code   108  main.o(i.SystemClock_Config)
    SystemInit                               0x08004b3d   Thumb Code     2  system_stm32f0xx.o(i.SystemInit)
    TIM15_IRQHandler                         0x08004b41   Thumb Code    10  stm32f0xx_it.o(i.TIM15_IRQHandler)
    TIM16_IRQHandler                         0x08004b51   Thumb Code    10  stm32f0xx_it.o(i.TIM16_IRQHandler)
    TIM17_IRQHandler                         0x08004b61   Thumb Code    10  stm32f0xx_it.o(i.TIM17_IRQHandler)
    TIM1_BRK_UP_TRG_COM_IRQHandler           0x08004b71   Thumb Code    10  stm32f0xx_it.o(i.TIM1_BRK_UP_TRG_COM_IRQHandler)
    TIM1_CC_IRQHandler                       0x08004b81   Thumb Code    10  stm32f0xx_it.o(i.TIM1_CC_IRQHandler)
    TIM6_DAC_IRQHandler                      0x08004b91   Thumb Code    10  stm32f0xx_it.o(i.TIM6_DAC_IRQHandler)
    TIM_Base_SetConfig                       0x08004ba1   Thumb Code   124  stm32f0xx_hal_tim.o(i.TIM_Base_SetConfig)
    TIM_CCxChannelCmd                        0x08004c35   Thumb Code    26  stm32f0xx_hal_tim.o(i.TIM_CCxChannelCmd)
    TIM_ETR_SetConfig                        0x08004c4f   Thumb Code    22  stm32f0xx_hal_tim.o(i.TIM_ETR_SetConfig)
    TIM_OC2_SetConfig                        0x08004cfd   Thumb Code   110  stm32f0xx_hal_tim.o(i.TIM_OC2_SetConfig)
    UART_AdvFeatureConfig                    0x08004eb5   Thumb Code   202  stm32f0xx_hal_uart.o(i.UART_AdvFeatureConfig)
    UART_CheckIdleState                      0x08004f81   Thumb Code    90  stm32f0xx_hal_uart.o(i.UART_CheckIdleState)
    UART_SetConfig                           0x080050c5   Thumb Code   388  stm32f0xx_hal_uart.o(i.UART_SetConfig)
    UART_WaitOnFlagUntilTimeout              0x080052f9   Thumb Code   156  stm32f0xx_hal_uart.o(i.UART_WaitOnFlagUntilTimeout)
    USART1_IRQHandler                        0x08005395   Thumb Code    10  stm32f0xx_it.o(i.USART1_IRQHandler)
    USART2_IRQHandler                        0x080053a5   Thumb Code    10  stm32f0xx_it.o(i.USART2_IRQHandler)
    WhoAmIHDC                                0x080053b5   Thumb Code    76  mpu6050.o(i.WhoAmIHDC)
    __0printf                                0x08005405   Thumb Code    24  printfa.o(i.__0printf)
    __1printf                                0x08005405   Thumb Code     0  printfa.o(i.__0printf)
    __2printf                                0x08005405   Thumb Code     0  printfa.o(i.__0printf)
    __c89printf                              0x08005405   Thumb Code     0  printfa.o(i.__0printf)
    printf                                   0x08005405   Thumb Code     0  printfa.o(i.__0printf)
    __0sprintf                               0x08005425   Thumb Code    36  printfa.o(i.__0sprintf)
    __1sprintf                               0x08005425   Thumb Code     0  printfa.o(i.__0sprintf)
    __2sprintf                               0x08005425   Thumb Code     0  printfa.o(i.__0sprintf)
    __c89sprintf                             0x08005425   Thumb Code     0  printfa.o(i.__0sprintf)
    sprintf                                  0x08005425   Thumb Code     0  printfa.o(i.__0sprintf)
    __ARM_clz                                0x0800544d   Thumb Code    46  depilogue.o(i.__ARM_clz)
    __ARM_common_ll_muluu                    0x0800547b   Thumb Code    48  stm32f0xx_hal_rcc.o(i.__ARM_common_ll_muluu)
    __ARM_common_switch8                     0x080054ab   Thumb Code    26  protocol.o(i.__ARM_common_switch8)
    __delay_ms                               0x08005509   Thumb Code    26  main.o(i.__delay_ms)
    __scatterload_copy                       0x08005529   Thumb Code    14  handlers.o(i.__scatterload_copy)
    __scatterload_null                       0x08005537   Thumb Code     2  handlers.o(i.__scatterload_null)
    __scatterload_zeroinit                   0x08005539   Thumb Code    14  handlers.o(i.__scatterload_zeroinit)
    active_pill_drop                         0x08005e01   Thumb Code   118  function.o(i.active_pill_drop)
    dataAnalysis                             0x08005ea5   Thumb Code  1736  protocol.o(i.dataAnalysis)
    fputc                                    0x08006611   Thumb Code    28  main.o(i.fputc)
    invSqrt                                  0x08006635   Thumb Code    46  madgwickahrs.o(i.invSqrt)
    main                                     0x08006669   Thumb Code   336  main.o(i.main)
    mpuSendData_ICM                          0x0800683d   Thumb Code    26  icm40608.o(i.mpuSendData_ICM)
    protocolActionCallback                   0x0800685d   Thumb Code    54  protocol.o(i.protocolActionCallback)
    protocolDataWrong                        0x080068b9   Thumb Code    40  protocol.o(i.protocolDataWrong)
    protocolInit                             0x080068f9   Thumb Code    12  protocol.o(i.protocolInit)
    protocolPromise                          0x08006909   Thumb Code    36  protocol.o(i.protocolPromise)
    protocolReset                            0x08006945   Thumb Code    12  protocol.o(i.protocolReset)
    readLimSwitch                            0x08006955   Thumb Code   140  function.o(i.readLimSwitch)
    rotateProt                               0x080069ed   Thumb Code    28  function.o(i.rotateProt)
    sendMachineStatus                        0x08006a15   Thumb Code   132  protocol.o(i.sendMachineStatus)
    setdac                                   0x08006ab1   Thumb Code   338  stepper.o(i.setdac)
    setdacstop                               0x08006c19   Thumb Code   318  stepper.o(i.setdacstop)
    startstepper                             0x08006d6d   Thumb Code   162  stepper.o(i.startstepper)
    stperInit                                0x08006e29   Thumb Code   612  function.o(i.stperInit)
    AHBPrescTable                            0x08007190   Data          16  system_stm32f0xx.o(.constdata)
    APBPrescTable                            0x080071a0   Data           8  system_stm32f0xx.o(.constdata)
    Region$$Table$$Base                      0x080071a8   Number         0  anon$$obj.o(Region$$Table)
    Region$$Table$$Limit                     0x080071c8   Number         0  anon$$obj.o(Region$$Table)
    serial_number                            0x0803f800   Data          18  main.o(serial_number)
    xAccl                                    0x20000000   Data           4  mpu6050.o(.data)
    yAccl                                    0x20000004   Data           4  mpu6050.o(.data)
    zAccl                                    0x20000008   Data           4  mpu6050.o(.data)
    xGyro                                    0x2000000c   Data           4  mpu6050.o(.data)
    yGyro                                    0x20000010   Data           4  mpu6050.o(.data)
    zGyro                                    0x20000014   Data           4  mpu6050.o(.data)
    anglesComputed                           0x20000018   Data           1  madgwickahrs.o(.data)
    beta                                     0x2000001c   Data           4  madgwickahrs.o(.data)
    q0                                       0x20000020   Data           4  madgwickahrs.o(.data)
    q1                                       0x20000024   Data           4  madgwickahrs.o(.data)
    q2                                       0x20000028   Data           4  madgwickahrs.o(.data)
    q3                                       0x2000002c   Data           4  madgwickahrs.o(.data)
    roll                                     0x20000030   Data           4  madgwickahrs.o(.data)
    pitch                                    0x20000034   Data           4  madgwickahrs.o(.data)
    yaw                                      0x20000038   Data           4  madgwickahrs.o(.data)
    stp                                      0x2000003c   Data           4  stepper.o(.data)
    nfcid                                    0x20000040   Data           1  rc522.o(.data)
    i                                        0x20000041   Data           1  rc522.o(.data)
    j                                        0x20000042   Data           1  rc522.o(.data)
    b                                        0x20000043   Data           1  rc522.o(.data)
    q                                        0x20000044   Data           1  rc522.o(.data)
    en                                       0x20000045   Data           1  rc522.o(.data)
    ok                                       0x20000046   Data           1  rc522.o(.data)
    lastID                                   0x20000047   Data           4  rc522.o(.data)
    memID                                    0x2000004b   Data           8  rc522.o(.data)
    txBuffer                                 0x20000053   Data          18  rc522.o(.data)
    Check_Motor_X_Steps                      0x20000068   Data           1  sk6812.o(.data)
    Check_Motor_Y_Steps                      0x20000069   Data           1  sk6812.o(.data)
    Check_Motor_Z_Steps                      0x2000006a   Data           1  sk6812.o(.data)
    Motor_Z_Steps                            0x2000006c   Data           2  sk6812.o(.data)
    Motor_X_Steps                            0x20000070   Data           4  sk6812.o(.data)
    Motor_Y_Steps                            0x20000074   Data           4  sk6812.o(.data)
    ARM_X_dir                                0x20000078   Data           1  protocol.o(.data)
    isLimit_y                                0x20000079   Data           1  protocol.o(.data)
    ispick                                   0x2000007a   Data           1  protocol.o(.data)
    isZero_y                                 0x2000007b   Data           1  protocol.o(.data)
    isZero_p                                 0x2000007c   Data           1  protocol.o(.data)
    pnpX                                     0x2000007d   Data           1  protocol.o(.data)
    lockcnt                                  0x2000007e   Data           1  protocol.o(.data)
    funcIdx                                  0x2000007f   Data           1  protocol.o(.data)
    Ydir                                     0x20000080   Data           1  protocol.o(.data)
    Pdir                                     0x20000081   Data           1  protocol.o(.data)
    PickPills1                               0x20000082   Data           1  protocol.o(.data)
    CancelPickPills                          0x20000083   Data           1  protocol.o(.data)
    ReadNFC_PillB                            0x20000084   Data           1  protocol.o(.data)
    EnablePillBoxIRQ                         0x20000085   Data           1  protocol.o(.data)
    ActiveDropEn                             0x20000086   Data           1  protocol.o(.data)
    addr                                     0x20000087   Data           1  protocol.o(.data)
    txBuffLen                                0x20000088   Data           1  protocol.o(.data)
    rxBuffLen                                0x20000089   Data           1  protocol.o(.data)
    protocolState                            0x2000008a   Data           1  protocol.o(.data)
    dispense_check                           0x2000008b   Data           1  protocol.o(.data)
    opengate                                 0x2000008c   Data           1  protocol.o(.data)
    rotate                                   0x2000008e   Data           2  protocol.o(.data)
    rotatereturn                             0x20000090   Data           2  protocol.o(.data)
    checktime                                0x20000094   Data           4  protocol.o(.data)
    func1                                    0x20000098   Data         117  protocol.o(.data)
    temp_x                                   0x20000110   Data           1  function.o(.data)
    temp_z                                   0x20000111   Data           1  function.o(.data)
    temp_y                                   0x20000112   Data           1  function.o(.data)
    rotPcnt                                  0x20000113   Data           1  function.o(.data)
    rotYcnt                                  0x20000114   Data           1  function.o(.data)
    rottol_Prot                              0x20000115   Data           1  function.o(.data)
    rottol_y                                 0x20000116   Data           1  function.o(.data)
    time_init                                0x20000118   Data           4  function.o(.data)
    stepstart                                0x2000011c   Data           4  function.o(.data)
    time_x_start_pick_pill                   0x20000120   Data           4  function.o(.data)
    temp_pill                                0x20000124   Data           1  function.o(.data)
    ismove_y                                 0x20000128   Data           1  main.o(.data)
    ismove_pill                              0x20000129   Data           1  main.o(.data)
    dacZ                                     0x2000012a   Data           1  main.o(.data)
    counter_machine_update                   0x2000012b   Data           1  main.o(.data)
    counter_IMU_Update                       0x2000012c   Data           1  main.o(.data)
    first_pump_value                         0x2000012d   Data           1  main.o(.data)
    first_motor_value                        0x2000012e   Data           1  main.o(.data)
    interrupt                                0x2000012f   Data           1  main.o(.data)
    Battery_plug                             0x20000130   Data           1  main.o(.data)
    isinit1080                               0x20000131   Data           1  main.o(.data)
    Check_Pill_Picked                        0x20000132   Data           1  main.o(.data)
    ch                                       0x20000133   Data           1  main.o(.data)
    ch_r                                     0x20000134   Data           1  main.o(.data)
    overtemp                                 0x20000136   Data           2  main.o(.data)
    overroll                                 0x20000138   Data           2  main.o(.data)
    overpitch                                0x2000013a   Data           2  main.o(.data)
    overhum                                  0x2000013c   Data           2  main.o(.data)
    adc_8m                                   0x2000013e   Data           2  main.o(.data)
    time_x_start_pick_pill_main              0x20000140   Data           2  main.o(.data)
    piltime                                  0x20000144   Data           4  main.o(.data)
    rottime                                  0x20000148   Data           4  main.o(.data)
    percentage_change_motor                  0x2000014c   Data           4  main.o(.data)
    percentage_change_pump                   0x20000150   Data           4  main.o(.data)
    percentage_change_pump_avg               0x20000154   Data           4  main.o(.data)
    adc_8                                    0x20000158   Data           4  main.o(.data)
    dacPill                                  0x2000015c   Data           1  main.o(.data)
    SystemCoreClock                          0x20000160   Data           4  system_stm32f0xx.o(.data)
    uwTickFreq                               0x20000164   Data           1  stm32f0xx_hal.o(.data)
    uwTickPrio                               0x20000168   Data           4  stm32f0xx_hal.o(.data)
    uwTick                                   0x2000016c   Data           4  stm32f0xx_hal.o(.data)
    __stdout                                 0x20000170   Data           4  stdout.o(.data)
    stepper                                  0x20000174   Data         880  stepper.o(.bss)
    data16                                   0x200004e4   Data          20  protocol.o(.bss)
    dataStream                               0x200004f8   Data         256  protocol.o(.bss)
    txBuff                                   0x200005f8   Data          50  protocol.o(.bss)
    rxBuff                                   0x2000062a   Data          10  protocol.o(.bss)
    para                                     0x20000634   Data          13  protocol.o(.bss)
    value_adc                                0x20000644   Data          48  main.o(.bss)
    buff                                     0x20000674   Data         255  main.o(.bss)
    hadc                                     0x20000774   Data          64  adc.o(.bss)
    hdma_adc                                 0x200007b4   Data          68  adc.o(.bss)
    hi2c1                                    0x200007f8   Data          76  i2c.o(.bss)
    hi2c2                                    0x20000844   Data          76  i2c.o(.bss)
    hiwdg                                    0x20000890   Data          16  iwdg.o(.bss)
    hspi1                                    0x200008a0   Data         100  spi.o(.bss)
    hspi2                                    0x20000904   Data         100  spi.o(.bss)
    htim1                                    0x20000968   Data          64  tim.o(.bss)
    htim6                                    0x200009a8   Data          64  tim.o(.bss)
    htim15                                   0x200009e8   Data          64  tim.o(.bss)
    htim16                                   0x20000a28   Data          64  tim.o(.bss)
    htim17                                   0x20000a68   Data          64  tim.o(.bss)
    huart1                                   0x20000aa8   Data         128  usart.o(.bss)
    huart2                                   0x20000b28   Data         128  usart.o(.bss)
    huart4                                   0x20000ba8   Data         128  usart.o(.bss)
    huart6                                   0x20000c28   Data         128  usart.o(.bss)
    __initial_sp                             0x200010a8   Data           0  startup_stm32f091xc.o(STACK)



==============================================================================

Memory Map of the image

  Image Entry point : 0x080000bd

  Load Region LR_IROM1 (Base: 0x08000000, Size: 0x0000733c, Max: 0x00040000, ABSOLUTE, COMPRESSED[0x00007260])

    Execution Region ER_IROM1 (Exec base: 0x08000000, Load base: 0x08000000, Size: 0x000071c8, Max: 0x00040000, ABSOLUTE)

    Exec Addr    Load Addr    Size         Type   Attr      Idx    E Section Name        Object

    0x08000000   0x08000000   0x000000bc   Data   RO            3    RESET               startup_stm32f091xc.o
    0x080000bc   0x080000bc   0x00000000   Code   RO         4872  * .ARM.Collect$$$$00000000  mc_p.l(entry.o)
    0x080000bc   0x080000bc   0x00000004   Code   RO         5204    .ARM.Collect$$$$00000001  mc_p.l(entry2.o)
    0x080000c0   0x080000c0   0x00000004   Code   RO         5207    .ARM.Collect$$$$00000004  mc_p.l(entry5.o)
    0x080000c4   0x080000c4   0x00000000   Code   RO         5209    .ARM.Collect$$$$00000008  mc_p.l(entry7b.o)
    0x080000c4   0x080000c4   0x00000000   Code   RO         5211    .ARM.Collect$$$$0000000A  mc_p.l(entry8b.o)
    0x080000c4   0x080000c4   0x00000008   Code   RO         5212    .ARM.Collect$$$$0000000B  mc_p.l(entry9a.o)
    0x080000cc   0x080000cc   0x00000000   Code   RO         5214    .ARM.Collect$$$$0000000D  mc_p.l(entry10a.o)
    0x080000cc   0x080000cc   0x00000000   Code   RO         5216    .ARM.Collect$$$$0000000F  mc_p.l(entry11a.o)
    0x080000cc   0x080000cc   0x00000004   Code   RO         5205    .ARM.Collect$$$$00002712  mc_p.l(entry2.o)
    0x080000d0   0x080000d0   0x0000001c   Code   RO            4    .text               startup_stm32f091xc.o
    0x080000ec   0x080000ec   0x0000002c   Code   RO         4875    .text               mc_p.l(uidiv.o)
    0x08000118   0x08000118   0x00000028   Code   RO         4877    .text               mc_p.l(idiv.o)
    0x08000140   0x08000140   0x00000060   Code   RO         4879    .text               mc_p.l(uldiv.o)
    0x080001a0   0x080001a0   0x00000022   Code   RO         4881    .text               mc_p.l(llushr.o)
    0x080001c2   0x080001c2   0x00000024   Code   RO         4883    .text               mc_p.l(memseta.o)
    0x080001e6   0x080001e6   0x0000000e   Code   RO         4885    .text               mc_p.l(strlen.o)
    0x080001f4   0x080001f4   0x000000b2   Code   RO         5148    .text               mf_p.l(fadd.o)
    0x080002a6   0x080002a6   0x0000007a   Code   RO         5150    .text               mf_p.l(fmul.o)
    0x08000320   0x08000320   0x00000018   Code   RO         5154    .text               mf_p.l(fscalb.o)
    0x08000338   0x08000338   0x00000164   Code   RO         5156    .text               mf_p.l(dadd.o)
    0x0800049c   0x0800049c   0x000000d0   Code   RO         5158    .text               mf_p.l(dmul.o)
    0x0800056c   0x0800056c   0x000000f0   Code   RO         5160    .text               mf_p.l(ddiv.o)
    0x0800065c   0x0800065c   0x00000028   Code   RO         5172    .text               mf_p.l(ffixui.o)
    0x08000684   0x08000684   0x00000020   Code   RO         5219    .text               mc_p.l(llshl.o)
    0x080006a4   0x080006a4   0x00000026   Code   RO         5221    .text               mc_p.l(llsshr.o)
    0x080006ca   0x080006ca   0x00000000   Code   RO         5230    .text               mc_p.l(iusefp.o)
    0x080006ca   0x080006ca   0x00000082   Code   RO         5231    .text               mf_p.l(fepilogue.o)
    0x0800074c   0x0800074c   0x000000be   Code   RO         5233    .text               mf_p.l(depilogue.o)
    0x0800080a   0x0800080a   0x00000002   PAD
    0x0800080c   0x0800080c   0x00000040   Code   RO         5239    .text               mf_p.l(dfixul.o)
    0x0800084c   0x0800084c   0x00000028   Code   RO         5243    .text               mf_p.l(cdrcmple.o)
    0x08000874   0x08000874   0x00000024   Code   RO         5245    .text               mc_p.l(init.o)
    0x08000898   0x08000898   0x00000056   Code   RO         5257    .text               mc_p.l(__dczerorl2.o)
    0x080008ee   0x080008ee   0x0000006c   Code   RO         1434    i.ADC_DMAConvCplt   stm32f0xx_hal_adc.o
    0x0800095a   0x0800095a   0x0000001a   Code   RO         1435    i.ADC_DMAError      stm32f0xx_hal_adc.o
    0x08000974   0x08000974   0x0000000a   Code   RO         1436    i.ADC_DMAHalfConvCplt  stm32f0xx_hal_adc.o
    0x0800097e   0x0800097e   0x00000002   PAD
    0x08000980   0x08000980   0x00000084   Code   RO         1438    i.ADC_Enable        stm32f0xx_hal_adc.o
    0x08000a04   0x08000a04   0x00000040   Code   RO          545    i.CalcCRC16         protocol.o
    0x08000a44   0x08000a44   0x000000b8   Code   RO          667    i.Check_STPX_DropP  function.o
    0x08000afc   0x08000afc   0x00000010   Code   RO         1259    i.DMA1_Ch1_IRQHandler  stm32f0xx_it.o
    0x08000b0c   0x08000b0c   0x00000044   Code   RO         2537    i.DMA_CalcBaseAndBitshift  stm32f0xx_hal_dma.o
    0x08000b50   0x08000b50   0x00000028   Code   RO         2538    i.DMA_SetConfig     stm32f0xx_hal_dma.o
    0x08000b78   0x08000b78   0x0000000a   Code   RO         1260    i.EXTI0_1_IRQHandler  stm32f0xx_it.o
    0x08000b82   0x08000b82   0x0000000a   Code   RO         1261    i.EXTI2_3_IRQHandler  stm32f0xx_it.o
    0x08000b8c   0x08000b8c   0x00000020   Code   RO         1262    i.EXTI4_15_IRQHandler  stm32f0xx_it.o
    0x08000bac   0x08000bac   0x00000002   Code   RO          836    i.Error_Handler     main.o
    0x08000bae   0x08000bae   0x00000002   PAD
    0x08000bb0   0x08000bb0   0x0000012c   Code   RO         1440    i.HAL_ADC_ConfigChannel  stm32f0xx_hal_adc.o
    0x08000cdc   0x08000cdc   0x00000034   Code   RO          837    i.HAL_ADC_ConvCpltCallback  main.o
    0x08000d10   0x08000d10   0x00000002   Code   RO         1442    i.HAL_ADC_ConvHalfCpltCallback  stm32f0xx_hal_adc.o
    0x08000d12   0x08000d12   0x00000002   Code   RO         1444    i.HAL_ADC_ErrorCallback  stm32f0xx_hal_adc.o
    0x08000d14   0x08000d14   0x00000178   Code   RO         1449    i.HAL_ADC_Init      stm32f0xx_hal_adc.o
    0x08000e8c   0x08000e8c   0x000000dc   Code   RO          964    i.HAL_ADC_MspInit   adc.o
    0x08000f68   0x08000f68   0x000000a0   Code   RO         1456    i.HAL_ADC_Start_DMA  stm32f0xx_hal_adc.o
    0x08001008   0x08001008   0x00000048   Code   RO         2540    i.HAL_DMA_Abort_IT  stm32f0xx_hal_dma.o
    0x08001050   0x08001050   0x0000009c   Code   RO         2544    i.HAL_DMA_IRQHandler  stm32f0xx_hal_dma.o
    0x080010ec   0x080010ec   0x00000054   Code   RO         2545    i.HAL_DMA_Init      stm32f0xx_hal_dma.o
    0x08001140   0x08001140   0x0000006a   Code   RO         2549    i.HAL_DMA_Start_IT  stm32f0xx_hal_dma.o
    0x080011aa   0x080011aa   0x00000002   PAD
    0x080011ac   0x080011ac   0x00000024   Code   RO         1814    i.HAL_Delay         stm32f0xx_hal.o
    0x080011d0   0x080011d0   0x00000150   Code   RO          838    i.HAL_GPIO_EXTI_Callback  main.o
    0x08001320   0x08001320   0x00000018   Code   RO         2477    i.HAL_GPIO_EXTI_IRQHandler  stm32f0xx_hal_gpio.o
    0x08001338   0x08001338   0x00000180   Code   RO         2478    i.HAL_GPIO_Init     stm32f0xx_hal_gpio.o
    0x080014b8   0x080014b8   0x0000000a   Code   RO         2480    i.HAL_GPIO_ReadPin  stm32f0xx_hal_gpio.o
    0x080014c2   0x080014c2   0x0000000c   Code   RO         2482    i.HAL_GPIO_WritePin  stm32f0xx_hal_gpio.o
    0x080014ce   0x080014ce   0x00000002   PAD
    0x080014d0   0x080014d0   0x0000000c   Code   RO         1818    i.HAL_GetTick       stm32f0xx_hal.o
    0x080014dc   0x080014dc   0x0000004a   Code   RO         2425    i.HAL_I2CEx_ConfigAnalogFilter  stm32f0xx_hal_i2c_ex.o
    0x08001526   0x08001526   0x00000048   Code   RO         2426    i.HAL_I2CEx_ConfigDigitalFilter  stm32f0xx_hal_i2c_ex.o
    0x0800156e   0x0800156e   0x00000002   PAD
    0x08001570   0x08001570   0x000000b4   Code   RO         1978    i.HAL_I2C_Init      stm32f0xx_hal_i2c.o
    0x08001624   0x08001624   0x00000110   Code   RO         1984    i.HAL_I2C_Master_Receive  stm32f0xx_hal_i2c.o
    0x08001734   0x08001734   0x00000110   Code   RO         1991    i.HAL_I2C_Master_Transmit  stm32f0xx_hal_i2c.o
    0x08001844   0x08001844   0x00000094   Code   RO         1022    i.HAL_I2C_MspInit   i2c.o
    0x080018d8   0x080018d8   0x00000064   Code   RO         3129    i.HAL_IWDG_Init     stm32f0xx_hal_iwdg.o
    0x0800193c   0x0800193c   0x00000010   Code   RO         3130    i.HAL_IWDG_Refresh  stm32f0xx_hal_iwdg.o
    0x0800194c   0x0800194c   0x00000010   Code   RO         1824    i.HAL_IncTick       stm32f0xx_hal.o
    0x0800195c   0x0800195c   0x00000020   Code   RO         1825    i.HAL_Init          stm32f0xx_hal.o
    0x0800197c   0x0800197c   0x00000044   Code   RO         1826    i.HAL_InitTick      stm32f0xx_hal.o
    0x080019c0   0x080019c0   0x00000028   Code   RO         1379    i.HAL_MspInit       stm32f0xx_hal_msp.o
    0x080019e8   0x080019e8   0x00000020   Code   RO         2634    i.HAL_NVIC_DisableIRQ  stm32f0xx_hal_cortex.o
    0x08001a08   0x08001a08   0x00000018   Code   RO         2635    i.HAL_NVIC_EnableIRQ  stm32f0xx_hal_cortex.o
    0x08001a20   0x08001a20   0x00000008   Code   RO         2639    i.HAL_NVIC_SetPriority  stm32f0xx_hal_cortex.o
    0x08001a28   0x08001a28   0x00000120   Code   RO         1734    i.HAL_RCCEx_PeriphCLKConfig  stm32f0xx_hal_rcc_ex.o
    0x08001b48   0x08001b48   0x00000002   Code   RO         1629    i.HAL_RCC_CSSCallback  stm32f0xx_hal_rcc.o
    0x08001b4a   0x08001b4a   0x00000002   PAD
    0x08001b4c   0x08001b4c   0x00000114   Code   RO         1630    i.HAL_RCC_ClockConfig  stm32f0xx_hal_rcc.o
    0x08001c60   0x08001c60   0x00000014   Code   RO         1633    i.HAL_RCC_EnableCSS  stm32f0xx_hal_rcc.o
    0x08001c74   0x08001c74   0x00000020   Code   RO         1637    i.HAL_RCC_GetPCLK1Freq  stm32f0xx_hal_rcc.o
    0x08001c94   0x08001c94   0x00000094   Code   RO         1638    i.HAL_RCC_GetSysClockFreq  stm32f0xx_hal_rcc.o
    0x08001d28   0x08001d28   0x00000018   Code   RO         1640    i.HAL_RCC_NMI_IRQHandler  stm32f0xx_hal_rcc.o
    0x08001d40   0x08001d40   0x00000404   Code   RO         1641    i.HAL_RCC_OscConfig  stm32f0xx_hal_rcc.o
    0x08002144   0x08002144   0x000000b8   Code   RO         3166    i.HAL_SPI_Init      stm32f0xx_hal_spi.o
    0x080021fc   0x080021fc   0x0000009c   Code   RO         1092    i.HAL_SPI_MspInit   spi.o
    0x08002298   0x08002298   0x00000180   Code   RO         3174    i.HAL_SPI_Transmit  stm32f0xx_hal_spi.o
    0x08002418   0x08002418   0x00000258   Code   RO         3175    i.HAL_SPI_TransmitReceive  stm32f0xx_hal_spi.o
    0x08002670   0x08002670   0x00000030   Code   RO         2643    i.HAL_SYSTICK_Config  stm32f0xx_hal_cortex.o
    0x080026a0   0x080026a0   0x00000002   Code   RO         4183    i.HAL_TIMEx_BreakCallback  stm32f0xx_hal_tim_ex.o
    0x080026a2   0x080026a2   0x00000002   Code   RO         4184    i.HAL_TIMEx_CommutCallback  stm32f0xx_hal_tim_ex.o
    0x080026a4   0x080026a4   0x0000005e   Code   RO         4186    i.HAL_TIMEx_ConfigBreakDeadTime  stm32f0xx_hal_tim_ex.o
    0x08002702   0x08002702   0x00000002   PAD
    0x08002704   0x08002704   0x00000060   Code   RO         4201    i.HAL_TIMEx_MasterConfigSynchronization  stm32f0xx_hal_tim_ex.o
    0x08002764   0x08002764   0x00000034   Code   RO         3500    i.HAL_TIM_Base_Init  stm32f0xx_hal_tim.o
    0x08002798   0x08002798   0x000000e4   Code   RO         1136    i.HAL_TIM_Base_MspInit  tim.o
    0x0800287c   0x0800287c   0x00000020   Code   RO         3505    i.HAL_TIM_Base_Start_IT  stm32f0xx_hal_tim.o
    0x0800289c   0x0800289c   0x000000d0   Code   RO         3509    i.HAL_TIM_ConfigClockSource  stm32f0xx_hal_tim.o
    0x0800296c   0x0800296c   0x00000002   Code   RO         3531    i.HAL_TIM_IC_CaptureCallback  stm32f0xx_hal_tim.o
    0x0800296e   0x0800296e   0x00000162   Code   RO         3545    i.HAL_TIM_IRQHandler  stm32f0xx_hal_tim.o
    0x08002ad0   0x08002ad0   0x000000c4   Code   RO         1137    i.HAL_TIM_MspPostInit  tim.o
    0x08002b94   0x08002b94   0x00000002   Code   RO         3548    i.HAL_TIM_OC_DelayElapsedCallback  stm32f0xx_hal_tim.o
    0x08002b96   0x08002b96   0x000000d0   Code   RO         3569    i.HAL_TIM_PWM_ConfigChannel  stm32f0xx_hal_tim.o
    0x08002c66   0x08002c66   0x00000034   Code   RO         3572    i.HAL_TIM_PWM_Init  stm32f0xx_hal_tim.o
    0x08002c9a   0x08002c9a   0x00000002   Code   RO         3574    i.HAL_TIM_PWM_MspInit  stm32f0xx_hal_tim.o
    0x08002c9c   0x08002c9c   0x00000168   Code   RO          522    i.HAL_TIM_PWM_PulseFinishedCallback  sk6812.o
    0x08002e04   0x08002e04   0x00000058   Code   RO         3577    i.HAL_TIM_PWM_Start  stm32f0xx_hal_tim.o
    0x08002e5c   0x08002e5c   0x00000088   Code   RO         3579    i.HAL_TIM_PWM_Start_IT  stm32f0xx_hal_tim.o
    0x08002ee4   0x08002ee4   0x00000074   Code   RO         3580    i.HAL_TIM_PWM_Stop  stm32f0xx_hal_tim.o
    0x08002f58   0x08002f58   0x0000009c   Code   RO         3582    i.HAL_TIM_PWM_Stop_IT  stm32f0xx_hal_tim.o
    0x08002ff4   0x08002ff4   0x00000068   Code   RO          839    i.HAL_TIM_PeriodElapsedCallback  main.o
    0x0800305c   0x0800305c   0x00000002   Code   RO         3588    i.HAL_TIM_TriggerCallback  stm32f0xx_hal_tim.o
    0x0800305e   0x0800305e   0x00000002   Code   RO         4805    i.HAL_UARTEx_WakeupCallback  stm32f0xx_hal_uart_ex.o
    0x08003060   0x08003060   0x00000002   Code   RO         4454    i.HAL_UART_ErrorCallback  stm32f0xx_hal_uart.o
    0x08003062   0x08003062   0x00000002   PAD
    0x08003064   0x08003064   0x00000160   Code   RO         4457    i.HAL_UART_IRQHandler  stm32f0xx_hal_uart.o
    0x080031c4   0x080031c4   0x0000006a   Code   RO         4458    i.HAL_UART_Init     stm32f0xx_hal_uart.o
    0x0800322e   0x0800322e   0x00000002   PAD
    0x08003230   0x08003230   0x00000138   Code   RO         1204    i.HAL_UART_MspInit  usart.o
    0x08003368   0x08003368   0x00000104   Code   RO         4461    i.HAL_UART_Receive  stm32f0xx_hal_uart.o
    0x0800346c   0x0800346c   0x000000c4   Code   RO         4463    i.HAL_UART_Receive_IT  stm32f0xx_hal_uart.o
    0x08003530   0x08003530   0x00000044   Code   RO          546    i.HAL_UART_RxCpltCallback  protocol.o
    0x08003574   0x08003574   0x000000ce   Code   RO         4467    i.HAL_UART_Transmit  stm32f0xx_hal_uart.o
    0x08003642   0x08003642   0x00000002   PAD
    0x08003644   0x08003644   0x00000078   Code   RO         4469    i.HAL_UART_Transmit_IT  stm32f0xx_hal_uart.o
    0x080036bc   0x080036bc   0x00000002   Code   RO          547    i.HAL_UART_TxCpltCallback  protocol.o
    0x080036be   0x080036be   0x00000002   PAD
    0x080036c0   0x080036c0   0x00000048   Code   RO           14    i.HDC1080_Init      mpu6050.o
    0x08003708   0x08003708   0x00000002   Code   RO         1263    i.HardFault_Handler  stm32f0xx_it.o
    0x0800370a   0x0800370a   0x00000022   Code   RO         2025    i.I2C_Flush_TXDR    stm32f0xx_hal_i2c.o
    0x0800372c   0x0800372c   0x00000070   Code   RO         2033    i.I2C_IsAcknowledgeFailed  stm32f0xx_hal_i2c.o
    0x0800379c   0x0800379c   0x00000028   Code   RO         2040    i.I2C_TransferConfig  stm32f0xx_hal_i2c.o
    0x080037c4   0x080037c4   0x0000004e   Code   RO         2042    i.I2C_WaitOnFlagUntilTimeout  stm32f0xx_hal_i2c.o
    0x08003812   0x08003812   0x00000002   PAD
    0x08003814   0x08003814   0x00000080   Code   RO         2043    i.I2C_WaitOnRXNEFlagUntilTimeout  stm32f0xx_hal_i2c.o
    0x08003894   0x08003894   0x0000004c   Code   RO         2044    i.I2C_WaitOnSTOPFlagUntilTimeout  stm32f0xx_hal_i2c.o
    0x080038e0   0x080038e0   0x00000050   Code   RO         2045    i.I2C_WaitOnTXISFlagUntilTimeout  stm32f0xx_hal_i2c.o
    0x08003930   0x08003930   0x00000032   Code   RO          777    i.ICM40608_init     icm40608.o
    0x08003962   0x08003962   0x00000016   Code   RO          365    i.MFRC522_AntennaOn  rc522.o
    0x08003978   0x08003978   0x00000044   Code   RO          373    i.MFRC522_Init      rc522.o
    0x080039bc   0x080039bc   0x0000000e   Code   RO          375    i.MFRC522_ReadRegister  rc522.o
    0x080039ca   0x080039ca   0x0000000c   Code   RO          377    i.MFRC522_Reset     rc522.o
    0x080039d6   0x080039d6   0x00000016   Code   RO          379    i.MFRC522_SetBitMask  rc522.o
    0x080039ec   0x080039ec   0x0000000c   Code   RO          382    i.MFRC522_WriteRegister  rc522.o
    0x080039f8   0x080039f8   0x000000bc   Code   RO          965    i.MX_ADC_Init       adc.o
    0x08003ab4   0x08003ab4   0x00000028   Code   RO         1001    i.MX_DMA_Init       dma.o
    0x08003adc   0x08003adc   0x000002f8   Code   RO          943    i.MX_GPIO_Init      gpio.o
    0x08003dd4   0x08003dd4   0x00000058   Code   RO         1023    i.MX_I2C1_Init      i2c.o
    0x08003e2c   0x08003e2c   0x00000058   Code   RO         1024    i.MX_I2C2_Init      i2c.o
    0x08003e84   0x08003e84   0x0000002c   Code   RO         1065    i.MX_IWDG_Init      iwdg.o
    0x08003eb0   0x08003eb0   0x0000004c   Code   RO         1093    i.MX_SPI1_Init      spi.o
    0x08003efc   0x08003efc   0x00000050   Code   RO         1094    i.MX_SPI2_Init      spi.o
    0x08003f4c   0x08003f4c   0x000000d8   Code   RO         1138    i.MX_TIM15_Init     tim.o
    0x08004024   0x08004024   0x000000a4   Code   RO         1139    i.MX_TIM16_Init     tim.o
    0x080040c8   0x080040c8   0x000000a4   Code   RO         1140    i.MX_TIM17_Init     tim.o
    0x0800416c   0x0800416c   0x000000d8   Code   RO         1141    i.MX_TIM1_Init      tim.o
    0x08004244   0x08004244   0x0000004c   Code   RO         1142    i.MX_TIM6_Init      tim.o
    0x08004290   0x08004290   0x00000038   Code   RO         1205    i.MX_USART1_UART_Init  usart.o
    0x080042c8   0x080042c8   0x00000038   Code   RO         1206    i.MX_USART2_UART_Init  usart.o
    0x08004300   0x08004300   0x00000038   Code   RO         1207    i.MX_USART4_UART_Init  usart.o
    0x08004338   0x08004338   0x00000038   Code   RO         1208    i.MX_USART6_UART_Init  usart.o
    0x08004370   0x08004370   0x000004a6   Code   RO          247    i.MadgwickAHRSupdateIMU  madgwickahrs.o
    0x08004816   0x08004816   0x00000008   Code   RO         1264    i.NMI_Handler       stm32f0xx_it.o
    0x0800481e   0x0800481e   0x00000002   Code   RO         1265    i.PendSV_Handler    stm32f0xx_it.o
    0x08004820   0x08004820   0x00000020   Code   RO          383    i.SPI1SendByte      rc522.o
    0x08004840   0x08004840   0x00000050   Code   RO          384    i.SPI1_ReadReg      rc522.o
    0x08004890   0x08004890   0x0000004c   Code   RO          385    i.SPI1_WriteReg     rc522.o
    0x080048dc   0x080048dc   0x0000004c   Code   RO         3204    i.SPI_EndRxTxTransaction  stm32f0xx_hal_spi.o
    0x08004928   0x08004928   0x00000090   Code   RO         3209    i.SPI_WaitFifoStateUntilTimeout  stm32f0xx_hal_spi.o
    0x080049b8   0x080049b8   0x0000008c   Code   RO         3210    i.SPI_WaitFlagStateUntilTimeout  stm32f0xx_hal_spi.o
    0x08004a44   0x08004a44   0x00000002   Code   RO         1266    i.SVC_Handler       stm32f0xx_it.o
    0x08004a46   0x08004a46   0x00000002   PAD
    0x08004a48   0x08004a48   0x00000080   Code   RO          284    i.StopStp           stepper.o
    0x08004ac8   0x08004ac8   0x00000008   Code   RO         1267    i.SysTick_Handler   stm32f0xx_it.o
    0x08004ad0   0x08004ad0   0x0000006c   Code   RO          841    i.SystemClock_Config  main.o
    0x08004b3c   0x08004b3c   0x00000002   Code   RO         1400    i.SystemInit        system_stm32f0xx.o
    0x08004b3e   0x08004b3e   0x00000002   PAD
    0x08004b40   0x08004b40   0x00000010   Code   RO         1268    i.TIM15_IRQHandler  stm32f0xx_it.o
    0x08004b50   0x08004b50   0x00000010   Code   RO         1269    i.TIM16_IRQHandler  stm32f0xx_it.o
    0x08004b60   0x08004b60   0x00000010   Code   RO         1270    i.TIM17_IRQHandler  stm32f0xx_it.o
    0x08004b70   0x08004b70   0x00000010   Code   RO         1271    i.TIM1_BRK_UP_TRG_COM_IRQHandler  stm32f0xx_it.o
    0x08004b80   0x08004b80   0x00000010   Code   RO         1272    i.TIM1_CC_IRQHandler  stm32f0xx_it.o
    0x08004b90   0x08004b90   0x00000010   Code   RO         1273    i.TIM6_DAC_IRQHandler  stm32f0xx_it.o
    0x08004ba0   0x08004ba0   0x00000094   Code   RO         3590    i.TIM_Base_SetConfig  stm32f0xx_hal_tim.o
    0x08004c34   0x08004c34   0x0000001a   Code   RO         3591    i.TIM_CCxChannelCmd  stm32f0xx_hal_tim.o
    0x08004c4e   0x08004c4e   0x00000016   Code   RO         3601    i.TIM_ETR_SetConfig  stm32f0xx_hal_tim.o
    0x08004c64   0x08004c64   0x00000010   Code   RO         3602    i.TIM_ITRx_SetConfig  stm32f0xx_hal_tim.o
    0x08004c74   0x08004c74   0x00000088   Code   RO         3603    i.TIM_OC1_SetConfig  stm32f0xx_hal_tim.o
    0x08004cfc   0x08004cfc   0x00000080   Code   RO         3604    i.TIM_OC2_SetConfig  stm32f0xx_hal_tim.o
    0x08004d7c   0x08004d7c   0x00000084   Code   RO         3605    i.TIM_OC3_SetConfig  stm32f0xx_hal_tim.o
    0x08004e00   0x08004e00   0x0000006c   Code   RO         3606    i.TIM_OC4_SetConfig  stm32f0xx_hal_tim.o
    0x08004e6c   0x08004e6c   0x00000022   Code   RO         3608    i.TIM_TI1_ConfigInputStage  stm32f0xx_hal_tim.o
    0x08004e8e   0x08004e8e   0x00000026   Code   RO         3610    i.TIM_TI2_ConfigInputStage  stm32f0xx_hal_tim.o
    0x08004eb4   0x08004eb4   0x000000ca   Code   RO         4472    i.UART_AdvFeatureConfig  stm32f0xx_hal_uart.o
    0x08004f7e   0x08004f7e   0x00000002   PAD
    0x08004f80   0x08004f80   0x00000060   Code   RO         4473    i.UART_CheckIdleState  stm32f0xx_hal_uart.o
    0x08004fe0   0x08004fe0   0x00000014   Code   RO         4474    i.UART_DMAAbortOnError  stm32f0xx_hal_uart.o
    0x08004ff4   0x08004ff4   0x00000020   Code   RO         4484    i.UART_EndRxTransfer  stm32f0xx_hal_uart.o
    0x08005014   0x08005014   0x00000058   Code   RO         4486    i.UART_RxISR_16BIT  stm32f0xx_hal_uart.o
    0x0800506c   0x0800506c   0x00000058   Code   RO         4487    i.UART_RxISR_8BIT   stm32f0xx_hal_uart.o
    0x080050c4   0x080050c4   0x000001b8   Code   RO         4488    i.UART_SetConfig    stm32f0xx_hal_uart.o
    0x0800527c   0x0800527c   0x00000040   Code   RO         4489    i.UART_TxISR_16BIT  stm32f0xx_hal_uart.o
    0x080052bc   0x080052bc   0x0000003c   Code   RO         4490    i.UART_TxISR_8BIT   stm32f0xx_hal_uart.o
    0x080052f8   0x080052f8   0x0000009c   Code   RO         4491    i.UART_WaitOnFlagUntilTimeout  stm32f0xx_hal_uart.o
    0x08005394   0x08005394   0x00000010   Code   RO         1274    i.USART1_IRQHandler  stm32f0xx_it.o
    0x080053a4   0x080053a4   0x00000010   Code   RO         1275    i.USART2_IRQHandler  stm32f0xx_it.o
    0x080053b4   0x080053b4   0x00000050   Code   RO           15    i.WhoAmIHDC         mpu6050.o
    0x08005404   0x08005404   0x00000020   Code   RO         5120    i.__0printf         mc_p.l(printfa.o)
    0x08005424   0x08005424   0x00000028   Code   RO         5122    i.__0sprintf        mc_p.l(printfa.o)
    0x0800544c   0x0800544c   0x0000002e   Code   RO         5235    i.__ARM_clz         mf_p.l(depilogue.o)
    0x0800547a   0x0800547a   0x00000030   Code   RO         1715    i.__ARM_common_ll_muluu  stm32f0xx_hal_rcc.o
    0x080054aa   0x080054aa   0x0000001a   Code   RO          655    i.__ARM_common_switch8  protocol.o
    0x080054c4   0x080054c4   0x00000044   Code   RO         2645    i.__NVIC_SetPriority  stm32f0xx_hal_cortex.o
    0x08005508   0x08005508   0x00000020   Code   RO          842    i.__delay_ms        main.o
    0x08005528   0x08005528   0x0000000e   Code   RO         5251    i.__scatterload_copy  mc_p.l(handlers.o)
    0x08005536   0x08005536   0x00000002   Code   RO         5252    i.__scatterload_null  mc_p.l(handlers.o)
    0x08005538   0x08005538   0x0000000e   Code   RO         5253    i.__scatterload_zeroinit  mc_p.l(handlers.o)
    0x08005546   0x08005546   0x00000002   PAD
    0x08005548   0x08005548   0x00000174   Code   RO         5127    i._fp_digits        mc_p.l(printfa.o)
    0x080056bc   0x080056bc   0x000006ec   Code   RO         5128    i._printf_core      mc_p.l(printfa.o)
    0x08005da8   0x08005da8   0x00000020   Code   RO         5129    i._printf_post_padding  mc_p.l(printfa.o)
    0x08005dc8   0x08005dc8   0x0000002c   Code   RO         5130    i._printf_pre_padding  mc_p.l(printfa.o)
    0x08005df4   0x08005df4   0x0000000a   Code   RO         5132    i._sputc            mc_p.l(printfa.o)
    0x08005dfe   0x08005dfe   0x00000002   PAD
    0x08005e00   0x08005e00   0x000000a4   Code   RO          669    i.active_pill_drop  function.o
    0x08005ea4   0x08005ea4   0x0000076c   Code   RO          548    i.dataAnalysis      protocol.o
    0x08006610   0x08006610   0x00000024   Code   RO          844    i.fputc             main.o
    0x08006634   0x08006634   0x00000034   Code   RO          249    i.invSqrt           madgwickahrs.o
    0x08006668   0x08006668   0x000001d4   Code   RO          845    i.main              main.o
    0x0800683c   0x0800683c   0x00000020   Code   RO          782    i.mpuSendData_ICM   icm40608.o
    0x0800685c   0x0800685c   0x0000005c   Code   RO          550    i.protocolActionCallback  protocol.o
    0x080068b8   0x080068b8   0x00000040   Code   RO          551    i.protocolDataWrong  protocol.o
    0x080068f8   0x080068f8   0x00000010   Code   RO          552    i.protocolInit      protocol.o
    0x08006908   0x08006908   0x0000003c   Code   RO          553    i.protocolPromise   protocol.o
    0x08006944   0x08006944   0x00000010   Code   RO          554    i.protocolReset     protocol.o
    0x08006954   0x08006954   0x00000098   Code   RO          675    i.readLimSwitch     function.o
    0x080069ec   0x080069ec   0x00000028   Code   RO          677    i.rotateProt        function.o
    0x08006a14   0x08006a14   0x0000009c   Code   RO          557    i.sendMachineStatus  protocol.o
    0x08006ab0   0x08006ab0   0x00000168   Code   RO          289    i.setdac            stepper.o
    0x08006c18   0x08006c18   0x00000154   Code   RO          290    i.setdacstop        stepper.o
    0x08006d6c   0x08006d6c   0x000000bc   Code   RO          291    i.startstepper      stepper.o
    0x08006e28   0x08006e28   0x00000368   Code   RO          678    i.stperInit         function.o
    0x08007190   0x08007190   0x00000010   Data   RO         1401    .constdata          system_stm32f0xx.o
    0x080071a0   0x080071a0   0x00000008   Data   RO         1402    .constdata          system_stm32f0xx.o
    0x080071a8   0x080071a8   0x00000020   Data   RO         5249    Region$$Table       anon$$obj.o


    Execution Region RW_IRAM1 (Exec base: 0x20000000, Load base: 0x080071c8, Size: 0x000010a8, Max: 0x00008000, ABSOLUTE, COMPRESSED[0x00000098])

    Exec Addr    Load Addr    Size         Type   Attr      Idx    E Section Name        Object

    0x20000000   COMPRESSED   0x00000004   Data   RW           17    .data               mpu6050.o
    0x20000004   COMPRESSED   0x00000004   Data   RW           18    .data               mpu6050.o
    0x20000008   COMPRESSED   0x00000004   Data   RW           19    .data               mpu6050.o
    0x2000000c   COMPRESSED   0x00000004   Data   RW           20    .data               mpu6050.o
    0x20000010   COMPRESSED   0x00000004   Data   RW           21    .data               mpu6050.o
    0x20000014   COMPRESSED   0x00000004   Data   RW           22    .data               mpu6050.o
    0x20000018   COMPRESSED   0x00000024   Data   RW          250    .data               madgwickahrs.o
    0x2000003c   COMPRESSED   0x00000004   Data   RW          295    .data               stepper.o
    0x20000040   COMPRESSED   0x00000025   Data   RW          391    .data               rc522.o
    0x20000065   COMPRESSED   0x00000003   PAD
    0x20000068   COMPRESSED   0x00000010   Data   RW          523    .data               sk6812.o
    0x20000078   COMPRESSED   0x00000095   Data   RW          562    .data               protocol.o
    0x2000010d   COMPRESSED   0x00000003   PAD
    0x20000110   COMPRESSED   0x00000014   Data   RW          682    .data               function.o
    0x20000124   COMPRESSED   0x00000001   Data   RW          683    .data               function.o
    0x20000125   COMPRESSED   0x00000003   PAD
    0x20000128   COMPRESSED   0x00000034   Data   RW          851    .data               main.o
    0x2000015c   COMPRESSED   0x00000001   Data   RW          863    .data               main.o
    0x2000015d   COMPRESSED   0x00000003   PAD
    0x20000160   COMPRESSED   0x00000004   Data   RW         1403    .data               system_stm32f0xx.o
    0x20000164   COMPRESSED   0x0000000c   Data   RW         1832    .data               stm32f0xx_hal.o
    0x20000170   COMPRESSED   0x00000004   Data   RW         5218    .data               mc_p.l(stdout.o)
    0x20000174        -       0x00000370   Zero   RW          293    .bss                stepper.o
    0x200004e4        -       0x0000015d   Zero   RW          560    .bss                protocol.o
    0x20000641   COMPRESSED   0x00000003   PAD
    0x20000644        -       0x0000012f   Zero   RW          846    .bss                main.o
    0x20000773   COMPRESSED   0x00000001   PAD
    0x20000774        -       0x00000084   Zero   RW          966    .bss                adc.o
    0x200007f8        -       0x00000098   Zero   RW         1025    .bss                i2c.o
    0x20000890        -       0x00000010   Zero   RW         1066    .bss                iwdg.o
    0x200008a0        -       0x000000c8   Zero   RW         1095    .bss                spi.o
    0x20000968        -       0x00000140   Zero   RW         1143    .bss                tim.o
    0x20000aa8        -       0x00000200   Zero   RW         1209    .bss                usart.o
    0x20000ca8        -       0x00000400   Zero   RW            1    STACK               startup_stm32f091xc.o



  Load Region LR_SERIAL (Base: 0x0803f800, Size: 0x00000014, Max: 0x00000014, ABSOLUTE)

    Execution Region ER_SERIAL (Exec base: 0x0803f800, Load base: 0x0803f800, Size: 0x00000014, Max: 0x00000014, ABSOLUTE)

    Exec Addr    Load Addr    Size         Type   Attr      Idx    E Section Name        Object

    0x0803f800   0x0803f800   0x00000012   Data   RO          869    serial_number       main.o


==============================================================================

Image component sizes


      Code (inc. data)   RO Data    RW Data    ZI Data      Debug   Object Name

       408         34          0          0        132       2340   adc.o
        40          4          0          0          0        950   dma.o
      1412        394          0         21          0       5097   function.o
       760         56          0          0          0       1471   gpio.o
       324         40          0          0        152       2790   i2c.o
        82          6          0          0          0       1936   icm40608.o
        44         10          0          0         16        891   iwdg.o
      1242         16          0         36          0       2543   madgwickahrs.o
      1138        272         18         53        303       8838   main.o
       152         16          0         24          0     560562   mpu6050.o
      2464        520          0        149        349      12307   protocol.o
       338         20          0         37          0       7110   rc522.o
       360         34          0         16          0       1972   sk6812.o
       312         36          0          0        200       2806   spi.o
        28          8        188          0       1024        748   startup_stm32f091xc.o
      1016         94          0          4        880       5208   stepper.o
       164         30          0         12          0      18361   stm32f0xx_hal.o
      1116         54          0          0          0       8250   stm32f0xx_hal_adc.o
       180         30          0          0          0      11707   stm32f0xx_hal_cortex.o
       526         20          0          0          0       5674   stm32f0xx_hal_dma.o
       430         36          0          0          0       4110   stm32f0xx_hal_gpio.o
      1272         40          0          0          0      11666   stm32f0xx_hal_i2c.o
       146          0          0          0          0       2255   stm32f0xx_hal_i2c_ex.o
       116         20          0          0          0       2063   stm32f0xx_hal_iwdg.o
        40          6          0          0          0       1038   stm32f0xx_hal_msp.o
      1578        106          0          0          0       7368   stm32f0xx_hal_rcc.o
       288         12          0          0          0       1744   stm32f0xx_hal_rcc_ex.o
      1528          0          0          0          0       8456   stm32f0xx_hal_spi.o
      2198        168          0          0          0      20186   stm32f0xx_hal_tim.o
       194         12          0          0          0       3737   stm32f0xx_hal_tim_ex.o
      2488         96          0          0          0      16704   stm32f0xx_hal_uart.o
         2          0          0          0          0       1220   stm32f0xx_hal_uart_ex.o
       218         54          0          0          0       9574   stm32f0xx_it.o
         2          0         24          4          0       1547   system_stm32f0xx.o
      1260        120          0          0        320       6538   tim.o
       536         66          0          0        512       4301   usart.o

    ----------------------------------------------------------------------
     24432       2430        264        368       3892     764068   Object Totals
         0          0         32          0          0          0   (incl. Generated)
        30          0          2         12          4          0   (incl. Padding)

    ----------------------------------------------------------------------

      Code (inc. data)   RO Data    RW Data    ZI Data      Debug   Library Member Name

        86          0          0          0          0          0   __dczerorl2.o
         0          0          0          0          0          0   entry.o
         0          0          0          0          0          0   entry10a.o
         0          0          0          0          0          0   entry11a.o
         8          4          0          0          0          0   entry2.o
         4          0          0          0          0          0   entry5.o
         0          0          0          0          0          0   entry7b.o
         0          0          0          0          0          0   entry8b.o
         8          4          0          0          0          0   entry9a.o
        30          0          0          0          0          0   handlers.o
        40          0          0          0          0         72   idiv.o
        36          8          0          0          0         68   init.o
         0          0          0          0          0          0   iusefp.o
        32          0          0          0          0         68   llshl.o
        38          0          0          0          0         68   llsshr.o
        34          0          0          0          0         68   llushr.o
        36          0          0          0          0        100   memseta.o
      2302        102          0          0          0        556   printfa.o
         0          0          0          4          0          0   stdout.o
        14          0          0          0          0         60   strlen.o
        44          0          0          0          0         72   uidiv.o
        96          0          0          0          0         84   uldiv.o
        40          2          0          0          0         68   cdrcmple.o
       356          4          0          0          0        140   dadd.o
       240          6          0          0          0         84   ddiv.o
       236          0          0          0          0        216   depilogue.o
        64         10          0          0          0         68   dfixul.o
       208          6          0          0          0         88   dmul.o
       178          0          0          0          0        108   fadd.o
       130          0          0          0          0        144   fepilogue.o
        40          0          0          0          0         60   ffixui.o
       122          0          0          0          0         72   fmul.o
        24          0          0          0          0         60   fscalb.o

    ----------------------------------------------------------------------
      4452        146          0          4          0       2324   Library Totals
         6          0          0          0          0          0   (incl. Padding)

    ----------------------------------------------------------------------

      Code (inc. data)   RO Data    RW Data    ZI Data      Debug   Library Name

      2808        118          0          4          0       1216   mc_p.l
      1638         28          0          0          0       1108   mf_p.l

    ----------------------------------------------------------------------
      4452        146          0          4          0       2324   Library Totals

    ----------------------------------------------------------------------

==============================================================================


      Code (inc. data)   RO Data    RW Data    ZI Data      Debug   

     28884       2576        264        372       3892     757236   Grand Totals
     28884       2576        264        152       3892     757236   ELF Image Totals (compressed)
     28884       2576        264        152          0          0   ROM Totals

==============================================================================

    Total RO  Size (Code + RO Data)                29148 (  28.46kB)
    Total RW  Size (RW Data + ZI Data)              4264 (   4.16kB)
    Total ROM Size (Code + RO Data + RW Data)      29300 (  28.61kB)

==============================================================================

