<html>
<body>
<pre>
<h1>µVision Build Log</h1>
<h2>Tool Versions:</h2>
IDE-Version: µVision V5.37.0.0
Copyright (C) 2022 ARM Ltd and ARM Germany GmbH. All rights reserved.
License Information: Naman Gulati, Kim Technology, LIC=FYKYW-QRYFG-ARDXW-QW95D-D2AW9-VALGM
 
Tool Versions:
Toolchain:       MDK-ARM Plus  Version: 5.37.0.0
Toolchain Path:  C:\Keil_v5\ARM\ARM_Compiler_5.06u6\Bin
C Compiler:      Armcc.exe V5.06 update 6 (build 750)
Assembler:       Armasm.exe V5.06 update 6 (build 750)
Linker/Locator:  ArmLink.exe V5.06 update 6 (build 750)
Library Manager: ArmAr.exe V5.06 update 6 (build 750)
Hex Converter:   FromElf.exe V5.06 update 6 (build 750)
CPU DLL:         SARMCM3.DLL V5.37.0.0
Dialog DLL:      DARMCM1.DLL V1.19.6.0
Target DLL:      STLink\ST-LINKIII-KEIL_SWO.dll V3.0.9.0
Dialog DLL:      TARMCM1.DLL V1.14.6.0
 
<h2>Project:</h2>
C:\Users\Naman Gulati\Desktop\KinControlBoard\Flashing 5-8-25\kindofirmwarepillbox-main.5-8-25-bkgloop-serialno-clean\kindofirmwarepillbox-main.5-8-25-bkgloop-serialno-clean\MDK-ARM\Kin_MCU.uvprojx
Project File Date:  11/03/2025

<h2>Output:</h2>
*** Using Compiler 'V5.06 update 6 (build 750)', folder: 'C:\Keil_v5\ARM\ARM_Compiler_5.06u6\Bin'
Rebuild target 'Kin_MCU'
assembling startup_stm32f091xc.s...
compiling MadgwickAHRS.c...
compiling stepper.c...
compiling protocol.c...
compiling main.c...
../Src/main.c(318): warning:  #128-D: loop is not reachable
    while (1)
../Src/main.c: 1 warning, 0 errors
compiling adc.c...
compiling sk6812.c...
compiling dma.c...
compiling rc522.c...
compiling icm40608.c...
compiling function.c...
compiling mpu6050.c...
compiling gpio.c...
compiling system_stm32f0xx.c...
compiling stm32f0xx_hal_adc_ex.c...
compiling stm32f0xx_hal_adc.c...
compiling stm32f0xx_hal_rcc_ex.c...
compiling stm32f0xx_hal_rcc.c...
compiling tim.c...
compiling stm32f0xx_hal_msp.c...
compiling stm32f0xx_hal.c...
compiling i2c.c...
compiling iwdg.c...
compiling spi.c...
compiling usart.c...
compiling stm32f0xx_hal_pwr_ex.c...
compiling stm32f0xx_it.c...
compiling stm32f0xx_hal_exti.c...
compiling stm32f0xx_hal_iwdg.c...
compiling stm32f0xx_hal_dma.c...
compiling stm32f0xx_hal_i2c_ex.c...
compiling stm32f0xx_hal_cortex.c...
compiling stm32f0xx_hal_gpio.c...
compiling stm32f0xx_hal_flash.c...
compiling stm32f0xx_hal_flash_ex.c...
compiling stm32f0xx_hal_pwr.c...
compiling stm32f0xx_hal_spi.c...
compiling stm32f0xx_hal_i2c.c...
compiling stm32f0xx_hal_uart_ex.c...
compiling stm32f0xx_hal_spi_ex.c...
compiling stm32f0xx_hal_tim_ex.c...
compiling stm32f0xx_hal_uart.c...
compiling stm32f0xx_hal_tim.c...
linking...
Program Size: Code=28884 RO-data=264 RW-data=372 ZI-data=3892  
FromELF: creating hex file...
"Kin_MCU\Kin_MCU.axf" - 0 Error(s), 1 Warning(s).

<h2>Software Packages used:</h2>

Package Vendor: ARM
                http://www.keil.com/pack/ARM.CMSIS.5.9.0.pack
                ARM.CMSIS.5.9.0
                CMSIS (Common Microcontroller Software Interface Standard)
   * Component: CORE Version: 5.6.0

Package Vendor: Keil
                https://www.keil.com/pack/Keil.STM32F0xx_DFP.2.1.1.pack
                Keil.STM32F0xx_DFP.2.1.1
                STMicroelectronics STM32F0 Series Device Support, Drivers and Examples

<h2>Collection of Component include folders:</h2>
  ./RTE/_Kin_MCU
  C:/Users/Naman Gulati/AppData/Local/Arm/Packs/ARM/CMSIS/5.9.0/CMSIS/Core/Include
  C:/Users/Naman Gulati/AppData/Local/Arm/Packs/Keil/STM32F0xx_DFP/2.1.1/Drivers/CMSIS/Device/ST/STM32F0xx/Include

<h2>Collection of Component Files used:</h2>

   * Component: ARM::CMSIS:CORE:5.6.0
Build Time Elapsed:  00:00:13
</pre>
</body>
</html>
